Archive member included to satisfy reference by file (symbol)

c:/program files (x86)/easily-tools/gcc/bin/../lib/gcc/arm-none-eabi/7.2.1/../../../../arm-none-eabi/lib/thumb/v6-m\libm.a(lib_a-w_log.o)
                              ./obj/adc.o (log)
c:/program files (x86)/easily-tools/gcc/bin/../lib/gcc/arm-none-eabi/7.2.1/../../../../arm-none-eabi/lib/thumb/v6-m\libm.a(lib_a-e_log.o)
                              c:/program files (x86)/easily-tools/gcc/bin/../lib/gcc/arm-none-eabi/7.2.1/../../../../arm-none-eabi/lib/thumb/v6-m\libm.a(lib_a-w_log.o) (__ieee754_log)
c:/program files (x86)/easily-tools/gcc/bin/../lib/gcc/arm-none-eabi/7.2.1/../../../../arm-none-eabi/lib/thumb/v6-m\libm.a(lib_a-s_lib_ver.o)
                              c:/program files (x86)/easily-tools/gcc/bin/../lib/gcc/arm-none-eabi/7.2.1/../../../../arm-none-eabi/lib/thumb/v6-m\libm.a(lib_a-w_log.o) (__fdlib_version)
c:/program files (x86)/easily-tools/gcc/bin/../lib/gcc/arm-none-eabi/7.2.1/../../../../arm-none-eabi/lib/thumb/v6-m\libm.a(lib_a-s_matherr.o)
                              c:/program files (x86)/easily-tools/gcc/bin/../lib/gcc/arm-none-eabi/7.2.1/../../../../arm-none-eabi/lib/thumb/v6-m\libm.a(lib_a-w_log.o) (matherr)
c:/program files (x86)/easily-tools/gcc/bin/../lib/gcc/arm-none-eabi/7.2.1/../../../../arm-none-eabi/lib/thumb/v6-m\libm.a(lib_a-s_nan.o)
                              c:/program files (x86)/easily-tools/gcc/bin/../lib/gcc/arm-none-eabi/7.2.1/../../../../arm-none-eabi/lib/thumb/v6-m\libm.a(lib_a-w_log.o) (nan)
c:/program files (x86)/easily-tools/gcc/bin/../lib/gcc/arm-none-eabi/7.2.1/thumb/v6-m\libgcc.a(_udivsi3.o)
                              ./obj/systick.o (__aeabi_uidiv)
c:/program files (x86)/easily-tools/gcc/bin/../lib/gcc/arm-none-eabi/7.2.1/thumb/v6-m\libgcc.a(_divsi3.o)
                              ./obj/spi.o (__aeabi_idiv)
c:/program files (x86)/easily-tools/gcc/bin/../lib/gcc/arm-none-eabi/7.2.1/thumb/v6-m\libgcc.a(_dvmd_tls.o)
                              c:/program files (x86)/easily-tools/gcc/bin/../lib/gcc/arm-none-eabi/7.2.1/thumb/v6-m\libgcc.a(_udivsi3.o) (__aeabi_idiv0)
c:/program files (x86)/easily-tools/gcc/bin/../lib/gcc/arm-none-eabi/7.2.1/thumb/v6-m\libgcc.a(_arm_cmpdf2.o)
                              c:/program files (x86)/easily-tools/gcc/bin/../lib/gcc/arm-none-eabi/7.2.1/../../../../arm-none-eabi/lib/thumb/v6-m\libm.a(lib_a-w_log.o) (__aeabi_dcmpeq)
c:/program files (x86)/easily-tools/gcc/bin/../lib/gcc/arm-none-eabi/7.2.1/thumb/v6-m\libgcc.a(_arm_cmpsf2.o)
                              ./obj/NumToStr.o (__aeabi_fcmplt)
c:/program files (x86)/easily-tools/gcc/bin/../lib/gcc/arm-none-eabi/7.2.1/thumb/v6-m\libgcc.a(_aeabi_uldivmod.o)
                              ./obj/printf.o (__aeabi_uldivmod)
c:/program files (x86)/easily-tools/gcc/bin/../lib/gcc/arm-none-eabi/7.2.1/thumb/v6-m\libgcc.a(_fixunsdfsi.o)
                              ./obj/printf.o (__aeabi_d2uiz)
c:/program files (x86)/easily-tools/gcc/bin/../lib/gcc/arm-none-eabi/7.2.1/thumb/v6-m\libgcc.a(_fixunsdfdi.o)
                              ./obj/printf.o (__aeabi_d2ulz)
c:/program files (x86)/easily-tools/gcc/bin/../lib/gcc/arm-none-eabi/7.2.1/thumb/v6-m\libgcc.a(_udivmoddi4.o)
                              c:/program files (x86)/easily-tools/gcc/bin/../lib/gcc/arm-none-eabi/7.2.1/thumb/v6-m\libgcc.a(_aeabi_uldivmod.o) (__udivmoddi4)
c:/program files (x86)/easily-tools/gcc/bin/../lib/gcc/arm-none-eabi/7.2.1/thumb/v6-m\libgcc.a(divsf3.o)
                              ./obj/adc.o (__aeabi_fdiv)
c:/program files (x86)/easily-tools/gcc/bin/../lib/gcc/arm-none-eabi/7.2.1/thumb/v6-m\libgcc.a(eqsf2.o)
                              c:/program files (x86)/easily-tools/gcc/bin/../lib/gcc/arm-none-eabi/7.2.1/thumb/v6-m\libgcc.a(_arm_cmpsf2.o) (__eqsf2)
c:/program files (x86)/easily-tools/gcc/bin/../lib/gcc/arm-none-eabi/7.2.1/thumb/v6-m\libgcc.a(gesf2.o)
                              c:/program files (x86)/easily-tools/gcc/bin/../lib/gcc/arm-none-eabi/7.2.1/thumb/v6-m\libgcc.a(_arm_cmpsf2.o) (__gesf2)
c:/program files (x86)/easily-tools/gcc/bin/../lib/gcc/arm-none-eabi/7.2.1/thumb/v6-m\libgcc.a(lesf2.o)
                              c:/program files (x86)/easily-tools/gcc/bin/../lib/gcc/arm-none-eabi/7.2.1/thumb/v6-m\libgcc.a(_arm_cmpsf2.o) (__lesf2)
c:/program files (x86)/easily-tools/gcc/bin/../lib/gcc/arm-none-eabi/7.2.1/thumb/v6-m\libgcc.a(mulsf3.o)
                              ./obj/adc.o (__aeabi_fmul)
c:/program files (x86)/easily-tools/gcc/bin/../lib/gcc/arm-none-eabi/7.2.1/thumb/v6-m\libgcc.a(subsf3.o)
                              ./obj/adc.o (__aeabi_fsub)
c:/program files (x86)/easily-tools/gcc/bin/../lib/gcc/arm-none-eabi/7.2.1/thumb/v6-m\libgcc.a(fixsfsi.o)
                              ./obj/NumToStr.o (__aeabi_f2iz)
c:/program files (x86)/easily-tools/gcc/bin/../lib/gcc/arm-none-eabi/7.2.1/thumb/v6-m\libgcc.a(floatsisf.o)
                              ./obj/NumToStr.o (__aeabi_i2f)
[...]
Memory Configuration

Name             Origin             Length             Attributes
m_interrupts     0x00006800         0x00000100         xr
m_flash_config   0x00006c00         0x00000010         xr
m_text           0x00006c10         0x000093f0         xr
m_mac_config     0x0000fc00         0x00000400         xr
m_data           0x20000400         0x00001400         rw
*default*        0x00000000         0xffffffff

Linker script and memory map

LOAD c:/program files (x86)/easily-tools/gcc/bin/../lib/gcc/arm-none-eabi/7.2.1/thumb/v6-m/crti.o
LOAD c:/program files (x86)/easily-tools/gcc/bin/../lib/gcc/arm-none-eabi/7.2.1/thumb/v6-m/crtbegin.o
LOAD c:/program files (x86)/easily-tools/gcc/bin/../lib/gcc/arm-none-eabi/7.2.1/../../../../arm-none-eabi/lib/thumb/v6-m/crt0.o
LOAD ./obj/emuart.o
LOAD ./obj/adc.o
LOAD ./obj/system_MKL36Z4.o
LOAD ./obj/systick.o
LOAD ./obj/main.o
LOAD ./obj/flash.o
LOAD ./obj/gpio.o
LOAD ./obj/wdog.o
LOAD ./obj/spi.o
LOAD ./obj/NumToStr.o
LOAD ./obj/gec.o
LOAD ./obj/uart.o
LOAD ./obj/lcd.o
LOAD ./obj/isr.o
LOAD ./obj/printf.o
LOAD ./obj/startup_MKL36Z4.o
LOAD c:/program files (x86)/easily-tools/gcc/bin/../lib/gcc/arm-none-eabi/7.2.1/../../../../arm-none-eabi/lib/thumb/v6-m\libstdc++_nano.a
LOAD c:/program files (x86)/easily-tools/gcc/bin/../lib/gcc/arm-none-eabi/7.2.1/../../../../arm-none-eabi/lib/thumb/v6-m\libm.a
START GROUP
LOAD c:/program files (x86)/easily-tools/gcc/bin/../lib/gcc/arm-none-eabi/7.2.1/thumb/v6-m\libgcc.a
LOAD c:/program files (x86)/easily-tools/gcc/bin/../lib/gcc/arm-none-eabi/7.2.1/../../../../arm-none-eabi/lib/thumb/v6-m\libg_nano.a
LOAD c:/program files (x86)/easily-tools/gcc/bin/../lib/gcc/arm-none-eabi/7.2.1/../../../../arm-none-eabi/lib/thumb/v6-m\libc_nano.a
END GROUP
START GROUP
LOAD c:/program files (x86)/easily-tools/gcc/bin/../lib/gcc/arm-none-eabi/7.2.1/thumb/v6-m\libgcc.a
LOAD c:/program files (x86)/easily-tools/gcc/bin/../lib/gcc/arm-none-eabi/7.2.1/../../../../arm-none-eabi/lib/thumb/v6-m\libc_nano.a
LOAD c:/program files (x86)/easily-tools/gcc/bin/../lib/gcc/arm-none-eabi/7.2.1/../../../../arm-none-eabi/lib/thumb/v6-m\libnosys.a
END GROUP
START GROUP
LOAD c:/program files (x86)/easily-tools/gcc/bin/../lib/gcc/arm-none-eabi/7.2.1/thumb/v6-m\libgcc.a
LOAD c:/program files (x86)/easily-tools/gcc/bin/../lib/gcc/arm-none-eabi/7.2.1/../../../../arm-none-eabi/lib/thumb/v6-m\libc_nano.a
LOAD c:/program files (x86)/easily-tools/gcc/bin/../lib/gcc/arm-none-eabi/7.2.1/../../../../arm-none-eabi/lib/thumb/v6-m\libnosys.a
END GROUP
LOAD c:/program files (x86)/easily-tools/gcc/bin/../lib/gcc/arm-none-eabi/7.2.1/thumb/v6-m/crtend.o
LOAD c:/program files (x86)/easily-tools/gcc/bin/../lib/gcc/arm-none-eabi/7.2.1/thumb/v6-m/crtn.o
                0x00000200                HEAP_SIZE = DEFINED (__heap_size__)?__heap_size__:0x200
                0x00000100                STACK_SIZE = DEFINED (__stack_size__)?__stack_size__:0x100
                0x00000400                SECTOR_SIZE = 0x400
                0x0000001a                SECTOR_START = 0x1a
                0x0000003f                SECTOR_END = 0x3f
                0x20000400                RAM_START = 0x20000400
                0x20001800                RAM_END = 0x20001800

.interrupts     0x00006800       0xc0
                0x00006800                __VECTOR_TABLE = .
                0x00006800                . = ALIGN (0x4)
 *(.isr_vector)
 .isr_vector    0x00006800       0xc0 ./obj/startup_MKL36Z4.o
                0x00006800                __isr_vector
                0x000068c0                . = ALIGN (0x4)

.flash_config   0x00006c00       0x10
                0x00006c00                . = ALIGN (0x4)
 *(.FlashConfig)
 .FlashConfig   0x00006c00       0x10 ./obj/startup_MKL36Z4.o
                0x00006c10                . = ALIGN (0x4)

.text           0x00006c10     0x8020
                0x00006c10                . = ALIGN (0x4)
 *(.text)
 .text          0x00006c10       0x48 c:/program files (x86)/easily-tools/gcc/bin/../lib/gcc/arm-none-eabi/7.2.1/thumb/v6-m/crtbegin.o
 .text          0x00006c58       0x50 ./obj/startup_MKL36Z4.o
                0x00006c58                Reset_Handler
                0x00006ca0                HardFault_Handler
                0x00006ca0                PendSV_Handler
                0x00006ca0                NMI_Handler
                0x00006ca0                PORTC_PORTD_IRQHandler
                0x00006ca0                I2C1_IRQHandler
                0x00006ca0                UART1_IRQHandler
                0x00006ca0                DMA2_IRQHandler
                0x00006ca0                TPM0_IRQHandler
                0x00006ca0                I2S0_IRQHandler
                0x00006ca0                LLWU_IRQHandler
                0x00006ca0                TSI0_IRQHandler
                0x00006ca0                ADC0_IRQHandler
                0x00006ca0                SPI1_IRQHandler
                0x00006ca0                DefaultISR
                0x00006ca0                TPM2_IRQHandler
                0x00006ca0                RTC_IRQHandler
                0x00006ca0                I2C0_IRQHandler
                0x00006ca0                LCD_IRQHandler
                0x00006ca0                RTC_Seconds_IRQHandler
                0x00006ca0                MCG_IRQHandler
                0x00006ca0                UART2_IRQHandler
                0x00006ca0                Reserved20_IRQHandler
                0x00006ca0                PIT_IRQHandler
                0x00006ca0                SVC_Handler
                0x00006ca0                DMA3_IRQHandler
                0x00006ca0                DMA0_IRQHandler
                0x00006ca0                DAC0_IRQHandler
                0x00006ca0                TPM1_IRQHandler
                0x00006ca0                LVD_LVW_IRQHandler
                0x00006ca0                SPI0_IRQHandler
                0x00006ca0                PORTA_IRQHandler
                0x00006ca0                FTFA_IRQHandler
                0x00006ca0                Reserved40_IRQHandler
                0x00006ca0                LPTMR0_IRQHandler
                0x00006ca0                CMP0_IRQHandler
                0x00006ca0                DMA1_IRQHandler
 .text          0x00006ca8      0x114 c:/program files (x86)/easily-tools/gcc/bin/../lib/gcc/arm-none-eabi/7.2.1/thumb/v6-m\libgcc.a(_udivsi3.o)
                0x00006ca8                __aeabi_uidiv
                0x00006ca8                __udivsi3
                0x00006db4                __aeabi_uidivmod
 .text          0x00006dbc      0x1d4 c:/program files (x86)/easily-tools/gcc/bin/../lib/gcc/arm-none-eabi/7.2.1/thumb/v6-m\libgcc.a(_divsi3.o)
                0x00006dbc                __divsi3
                0x00006dbc                __aeabi_idiv
                0x00006f88                __aeabi_idivmod
 .text          0x00006f90        0x4 c:/program files (x86)/easily-tools/gcc/bin/../lib/gcc/arm-none-eabi/7.2.1/thumb/v6-m\libgcc.a(_dvmd_tls.o)
                0x00006f90                __aeabi_idiv0
                0x00006f90                __aeabi_ldiv0
 .text          0x00006f94       0x7c c:/program files (x86)/easily-tools/gcc/bin/../lib/gcc/arm-none-eabi/7.2.1/thumb/v6-m\libgcc.a(_arm_cmpdf2.o)
                0x00006f94                __aeabi_cdrcmple
                0x00006fa4                __aeabi_cdcmple
                0x00006fa4                __aeabi_cdcmpeq
                0x00006fb4                __aeabi_dcmpeq
                0x00006fc0                __aeabi_dcmplt
                0x00006fd4                __aeabi_dcmple
                0x00006fe8                __aeabi_dcmpgt
                0x00006ffc                __aeabi_dcmpge
 .text          0x00007010       0x74 c:/program files (x86)/easily-tools/gcc/bin/../lib/gcc/arm-none-eabi/7.2.1/thumb/v6-m\libgcc.a(_arm_cmpsf2.o)
                0x00007010                __aeabi_cfrcmple
                0x00007018                __aeabi_cfcmpeq
                0x00007018                __aeabi_cfcmple
                0x00007028                __aeabi_fcmpeq
                0x00007034                __aeabi_fcmplt
                0x00007048                __aeabi_fcmple
                0x0000705c                __aeabi_fcmpgt
                0x00007070                __aeabi_fcmpge
 .text          0x00007084       0x40 c:/program files (x86)/easily-tools/gcc/bin/../lib/gcc/arm-none-eabi/7.2.1/thumb/v6-m\libgcc.a(_aeabi_uldivmod.o)
                0x00007084                __aeabi_uldivmod
 .text          0x000070c4       0x3c c:/program files (x86)/easily-tools/gcc/bin/../lib/gcc/arm-none-eabi/7.2.1/thumb/v6-m\libgcc.a(_fixunsdfsi.o)
                0x000070c4                __aeabi_d2uiz
                0x000070c4                __fixunsdfsi
 .text          0x00007100       0x3c c:/program files (x86)/easily-tools/gcc/bin/../lib/gcc/arm-none-eabi/7.2.1/thumb/v6-m\libgcc.a(_fixunsdfdi.o)
                0x00007100                __fixunsdfdi
                0x00007100                __aeabi_d2ulz
 .text          0x0000713c      0x184 c:/program files (x86)/easily-tools/gcc/bin/../lib/gcc/arm-none-eabi/7.2.1/thumb/v6-m\libgcc.a(_udivmoddi4.o)
                0x0000713c                __udivmoddi4
 .text          0x000072c0      0x224 c:/program files (x86)/easily-tools/gcc/bin/../lib/gcc/arm-none-eabi/7.2.1/thumb/v6-m\libgcc.a(divsf3.o)
                0x000072c0                __aeabi_fdiv
 .text          0x000074e4       0x50 c:/program files (x86)/easily-tools/gcc/bin/../lib/gcc/arm-none-eabi/7.2.1/thumb/v6-m\libgcc.a(eqsf2.o)
                0x000074e4                __eqsf2
                0x000074e4                __nesf2
 .text          0x00007534       0x9c c:/program files (x86)/easily-tools/gcc/bin/../lib/gcc/arm-none-eabi/7.2.1/thumb/v6-m\libgcc.a(gesf2.o)
                0x00007534                __gesf2
                0x00007534                __gtsf2
 .text          0x000075d0       0xa0 c:/program files (x86)/easily-tools/gcc/bin/../lib/gcc/arm-none-eabi/7.2.1/thumb/v6-m\libgcc.a(lesf2.o)
                0x000075d0                __ltsf2
                0x000075d0                __lesf2
 .text          0x00007670      0x264 c:/program files (x86)/easily-tools/gcc/bin/../lib/gcc/arm-none-eabi/7.2.1/thumb/v6-m\libgcc.a(mulsf3.o)
                0x00007670                __aeabi_fmul
 .text          0x000078d4      0x388 c:/program files (x86)/easily-tools/gcc/bin/../lib/gcc/arm-none-eabi/7.2.1/thumb/v6-m\libgcc.a(subsf3.o)
                0x000078d4                __aeabi_fsub
 .text          0x00007c5c       0x40 c:/program files (x86)/easily-tools/gcc/bin/../lib/gcc/arm-none-eabi/7.2.1/thumb/v6-m\libgcc.a(fixsfsi.o)
                0x00007c5c                __aeabi_f2iz
 .text          0x00007c9c       0x94 c:/program files (x86)/easily-tools/gcc/bin/../lib/gcc/arm-none-eabi/7.2.1/thumb/v6-m\libgcc.a(floatsisf.o)
                0x00007c9c                __aeabi_i2f
 .text          0x00007d30       0x80 c:/program files (x86)/easily-tools/gcc/bin/../lib/gcc/arm-none-eabi/7.2.1/thumb/v6-m\libgcc.a(floatunsisf.o)
                0x00007d30                __aeabi_ui2f
 .text          0x00007db0      0x638 c:/program files (x86)/easily-tools/gcc/bin/../lib/gcc/arm-none-eabi/7.2.1/thumb/v6-m\libgcc.a(adddf3.o)
                0x00007db0                __aeabi_dadd
 .text          0x000083e8      0x604 c:/program files (x86)/easily-tools/gcc/bin/../lib/gcc/arm-none-eabi/7.2.1/thumb/v6-m\libgcc.a(divdf3.o)
                0x000083e8                __aeabi_ddiv
 .text          0x000089ec       0x78 c:/program files (x86)/easily-tools/gcc/bin/../lib/gcc/arm-none-eabi/7.2.1/thumb/v6-m\libgcc.a(eqdf2.o)
                0x000089ec                __nedf2
                0x000089ec                __eqdf2
 .text          0x00008a64       0xc8 c:/program files (x86)/easily-tools/gcc/bin/../lib/gcc/arm-none-eabi/7.2.1/thumb/v6-m\libgcc.a(gedf2.o)
                0x00008a64                __gedf2
                0x00008a64                __gtdf2
 .text          0x00008b2c       0xd0 c:/program files (x86)/easily-tools/gcc/bin/../lib/gcc/arm-none-eabi/7.2.1/thumb/v6-m\libgcc.a(ledf2.o)
                0x00008b2c                __ledf2
                0x00008b2c                __ltdf2
 .text          0x00008bfc      0x4e4 c:/program files (x86)/easily-tools/gcc/bin/../lib/gcc/arm-none-eabi/7.2.1/thumb/v6-m\libgcc.a(muldf3.o)
                0x00008bfc                __aeabi_dmul
 .text          0x000090e0      0x690 c:/program files (x86)/easily-tools/gcc/bin/../lib/gcc/arm-none-eabi/7.2.1/thumb/v6-m\libgcc.a(subdf3.o)
                0x000090e0                __aeabi_dsub
 .text          0x00009770       0x38 c:/program files (x86)/easily-tools/gcc/bin/../lib/gcc/arm-none-eabi/7.2.1/thumb/v6-m\libgcc.a(unorddf2.o)
                0x00009770                __aeabi_dcmpun
 .text          0x000097a8       0x6c c:/program files (x86)/easily-tools/gcc/bin/../lib/gcc/arm-none-eabi/7.2.1/thumb/v6-m\libgcc.a(fixdfsi.o)
                0x000097a8                __aeabi_d2iz
 .text          0x00009814       0x74 c:/program files (x86)/easily-tools/gcc/bin/../lib/gcc/arm-none-eabi/7.2.1/thumb/v6-m\libgcc.a(floatsidf.o)
                0x00009814                __aeabi_i2d
 .text          0x00009888       0x64 c:/program files (x86)/easily-tools/gcc/bin/../lib/gcc/arm-none-eabi/7.2.1/thumb/v6-m\libgcc.a(floatunsidf.o)
                0x00009888                __aeabi_ui2d
 .text          0x000098ec       0xa4 c:/program files (x86)/easily-tools/gcc/bin/../lib/gcc/arm-none-eabi/7.2.1/thumb/v6-m\libgcc.a(extendsfdf2.o)
                0x000098ec                __aeabi_f2d
 .text          0x00009990      0x108 c:/program files (x86)/easily-tools/gcc/bin/../lib/gcc/arm-none-eabi/7.2.1/thumb/v6-m\libgcc.a(truncdfsf2.o)
                0x00009990                __aeabi_d2f
 .text          0x00009a98       0x3c c:/program files (x86)/easily-tools/gcc/bin/../lib/gcc/arm-none-eabi/7.2.1/thumb/v6-m\libgcc.a(_clzsi2.o)
                0x00009a98                __clzsi2
 .text          0x00009ad4       0x18 c:/program files (x86)/easily-tools/gcc/bin/../lib/gcc/arm-none-eabi/7.2.1/thumb/v6-m\libgcc.a(_clzdi2.o)
                0x00009ad4                __clzdi2
 .text          0x00009aec       0x14 c:/program files (x86)/easily-tools/gcc/bin/../lib/gcc/arm-none-eabi/7.2.1/../../../../arm-none-eabi/lib/thumb/v6-m\libg_nano.a(lib_a-strcmp.o)
                0x00009aec                strcmp
 .text          0x00009b00        0xe c:/program files (x86)/easily-tools/gcc/bin/../lib/gcc/arm-none-eabi/7.2.1/../../../../arm-none-eabi/lib/thumb/v6-m\libg_nano.a(lib_a-strlen.o)
                0x00009b00                strlen
 *(.text*)
 .text.emuart_send_string
                0x00009b0e       0x44 ./obj/emuart.o
                0x00009b0e                emuart_send_string
 *fill*         0x00009b52        0x2 
 .text.emuart_recv
                0x00009b54      0x1f4 ./obj/emuart.o
                0x00009b54                emuart_recv
 .text.sendFrame
                0x00009d48       0xe4 ./obj/emuart.o
                0x00009d48                sendFrame
 .text.crc16    0x00009e2c       0xb8 ./obj/emuart.o
                0x00009e2c                crc16
 .text.adc_init
                0x00009ee4       0x3e ./obj/adc.o
                0x00009ee4                adc_init
 .text.adc_read
                0x00009f22       0x2c ./obj/adc.o
                0x00009f22                adc_read
 *fill*         0x00009f4e        0x2 
 .text.adc_init_inner
                0x00009f50      0x12c ./obj/adc.o
                0x00009f50                adc_init_inner
 .text.adc_read_inner
                0x0000a07c       0x54 ./obj/adc.o
                0x0000a07c                adc_read_inner
 .text.TempRegression
                0x0000a0d0       0xe0 ./obj/adc.o
                0x0000a0d0                TempRegression
 .text.TempTrans
                0x0000a1b0       0x80 ./obj/adc.o
                0x0000a1b0                TempTrans
 .text.adc_cal  0x0000a230      0x19c ./obj/adc.o
                0x0000a230                adc_cal
 .text.SystemInit
                0x0000a3cc      0x118 ./obj/system_MKL36Z4.o
                0x0000a3cc                SystemInit
 .text.NVIC_SetPriority
                0x0000a4e4       0xec ./obj/systick.o
 .text.systick_init
                0x0000a5d0       0x70 ./obj/systick.o
                0x0000a5d0                systick_init
 .text.main     0x0000a640      0x920 ./obj/main.o
                0x0000a640                main
 .text.gpio_init
                0x0000af60       0xf8 ./obj/gpio.o
                0x0000af60                gpio_init
 .text.gpio_set
                0x0000b058       0x7c ./obj/gpio.o
                0x0000b058                gpio_set
 .text.gpio_get_port_pin
                0x0000b0d4       0x30 ./obj/gpio.o
                0x0000b0d4                gpio_get_port_pin
 .text.wdog_stop
                0x0000b104       0x20 ./obj/wdog.o
                0x0000b104                wdog_stop
 .text.wdog_feed
                0x0000b124       0x1c ./obj/wdog.o
                0x0000b124                wdog_feed
 .text.spi_init
                0x0000b140      0x3e0 ./obj/spi.o
                0x0000b140                spi_init
 .text.spi_send1
                0x0000b520       0x74 ./obj/spi.o
                0x0000b520                spi_send1
 .text.NumToStr_float
                0x0000b594      0x1d4 ./obj/NumToStr.o
                0x0000b594                NumToStr_float
 .text.BIOS_API_Init
                0x0000b768       0xec ./obj/gec.o
                0x0000b768                BIOS_API_Init
 .text.NVIC_EnableIRQ
                0x0000b854       0x2c ./obj/uart.o
 .text.uart_init
                0x0000b880      0x2ac ./obj/uart.o
                0x0000b880                uart_init
 .text.uart_send1
                0x0000bb2c       0xac ./obj/uart.o
                0x0000bb2c                uart_send1
 .text.uart_sendN
                0x0000bbd8       0x8a ./obj/uart.o
                0x0000bbd8                uart_sendN
 .text.uart_send_string
                0x0000bc62       0x80 ./obj/uart.o
                0x0000bc62                uart_send_string
 *fill*         0x0000bce2        0x2 
 .text.uart_re1
                0x0000bce4       0xc8 ./obj/uart.o
                0x0000bce4                uart_re1
 .text.uart_enable_re_int
                0x0000bdac       0x80 ./obj/uart.o
                0x0000bdac                uart_enable_re_int
 .text.uart_is_uartNo
                0x0000be2c       0x12 ./obj/uart.o
                0x0000be2c                uart_is_uartNo
 *fill*         0x0000be3e        0x2 
 .text.LCD_Init
                0x0000be40       0xf4 ./obj/lcd.o
                0x0000be40                LCD_Init
 .text.LCD_Clear
                0x0000bf34       0x6c ./obj/lcd.o
                0x0000bf34                LCD_Clear
 .text.LCD_DrawPoint
                0x0000bfa0       0x4c ./obj/lcd.o
                0x0000bfa0                LCD_DrawPoint
 .text.LCD_DrawCircle
                0x0000bfec      0x1ec ./obj/lcd.o
                0x0000bfec                LCD_DrawCircle
 .text.LCD_ShowCharactor
                0x0000c1d8       0xce ./obj/lcd.o
                0x0000c1d8                LCD_ShowCharactor
 *fill*         0x0000c2a6        0x2 
 .text.LCD_ShowString
                0x0000c2a8      0x248 ./obj/lcd.o
                0x0000c2a8                LCD_ShowString
 .text.LCD_aotu
                0x0000c4f0      0x288 ./obj/lcd.o
                0x0000c4f0                LCD_aotu
 .text.LCD_DrawLine
                0x0000c778      0x132 ./obj/lcd.o
                0x0000c778                LCD_DrawLine
 .text.LCD_DrawSurface
                0x0000c8aa       0x9e ./obj/lcd.o
                0x0000c8aa                LCD_DrawSurface
 .text.LCD_WR_DATA8
                0x0000c948       0x4c ./obj/lcd.o
                0x0000c948                LCD_WR_DATA8
 .text.LCD_WR_DATA
                0x0000c994       0x60 ./obj/lcd.o
                0x0000c994                LCD_WR_DATA
 .text.LCD_WR_REG
                0x0000c9f4       0x4c ./obj/lcd.o
                0x0000c9f4                LCD_WR_REG
 .text.LCD_WR_REG_DATA
                0x0000ca40       0x2e ./obj/lcd.o
                0x0000ca40                LCD_WR_REG_DATA
 .text.Address_set
                0x0000ca6e       0xb8 ./obj/lcd.o
                0x0000ca6e                Address_set
 *fill*         0x0000cb26        0x2 
 .text.UART0_IRQHandler
                0x0000cb28      0x1d0 ./obj/isr.o
                0x0000cb28                UART0_IRQHandler
 .text.SysTick_Handler
                0x0000ccf8       0x34 ./obj/isr.o
                0x0000ccf8                SysTick_Handler
 .text.SecAdd1  0x0000cd2c       0x68 ./obj/isr.o
                0x0000cd2c                SecAdd1
 .text.out_char
                0x0000cd94       0x20 ./obj/printf.o
                0x0000cd94                out_char
 .text.printk_putc
                0x0000cdb4       0x4c ./obj/printf.o
 .text.printk_mkfloatstr
                0x0000ce00      0x27c ./obj/printf.o
                0x0000ce00                printk_mkfloatstr
 .text.printk_mknumstr
                0x0000d07c       0xf8 ./obj/printf.o
 .text.printk_pad_zero
                0x0000d174       0x32 ./obj/printf.o
 .text.printk_pad_space
                0x0000d1a6       0x32 ./obj/printf.o
 .text.printk   0x0000d1d8      0x74c ./obj/printf.o
                0x0000d1d8                printk
 .text.myprintf
                0x0000d924       0x3c ./obj/printf.o
                0x0000d924                myprintf
 .text.log      0x0000d960      0x110 c:/program files (x86)/easily-tools/gcc/bin/../lib/gcc/arm-none-eabi/7.2.1/../../../../arm-none-eabi/lib/thumb/v6-m\libm.a(lib_a-w_log.o)
                0x0000d960                log
 .text.__ieee754_log
                0x0000da70      0x3ac c:/program files (x86)/easily-tools/gcc/bin/../lib/gcc/arm-none-eabi/7.2.1/../../../../arm-none-eabi/lib/thumb/v6-m\libm.a(lib_a-e_log.o)
                0x0000da70                __ieee754_log
 .text.matherr  0x0000de1c        0x4 c:/program files (x86)/easily-tools/gcc/bin/../lib/gcc/arm-none-eabi/7.2.1/../../../../arm-none-eabi/lib/thumb/v6-m\libm.a(lib_a-s_matherr.o)
                0x0000de1c                matherr
 .text.nan      0x0000de20        0xc c:/program files (x86)/easily-tools/gcc/bin/../lib/gcc/arm-none-eabi/7.2.1/../../../../arm-none-eabi/lib/thumb/v6-m\libm.a(lib_a-s_nan.o)
                0x0000de20                nan
 .text.__errno  0x0000de2c        0xc c:/program files (x86)/easily-tools/gcc/bin/../lib/gcc/arm-none-eabi/7.2.1/../../../../arm-none-eabi/lib/thumb/v6-m\libg_nano.a(lib_a-errno.o)
                0x0000de2c                __errno
 .text.memset   0x0000de38       0x10 c:/program files (x86)/easily-tools/gcc/bin/../lib/gcc/arm-none-eabi/7.2.1/../../../../arm-none-eabi/lib/thumb/v6-m\libg_nano.a(lib_a-memset.o)
                0x0000de38                memset
 .text.strncmp  0x0000de48       0x22 c:/program files (x86)/easily-tools/gcc/bin/../lib/gcc/arm-none-eabi/7.2.1/../../../../arm-none-eabi/lib/thumb/v6-m\libg_nano.a(lib_a-strncmp.o)
                0x0000de48                strncmp
 *(.rodata)
 *fill*         0x0000de6a        0x2 
 .rodata        0x0000de6c       0x2f ./obj/emuart.o
 *fill*         0x0000de9b        0x1 
 .rodata        0x0000de9c      0x157 ./obj/main.o
 *fill*         0x0000dff3        0x1 
 .rodata        0x0000dff4       0x26 ./obj/gec.o
 *fill*         0x0000e01a        0x2 
 .rodata        0x0000e01c       0x72 ./obj/isr.o
 *fill*         0x0000e08e        0x2 
 .rodata        0x0000e090       0x80 c:/program files (x86)/easily-tools/gcc/bin/../lib/gcc/arm-none-eabi/7.2.1/thumb/v6-m\libgcc.a(divsf3.o)
 .rodata        0x0000e110       0x40 c:/program files (x86)/easily-tools/gcc/bin/../lib/gcc/arm-none-eabi/7.2.1/thumb/v6-m\libgcc.a(mulsf3.o)
 .rodata        0x0000e150       0x40 c:/program files (x86)/easily-tools/gcc/bin/../lib/gcc/arm-none-eabi/7.2.1/thumb/v6-m\libgcc.a(divdf3.o)
 .rodata        0x0000e190       0x40 c:/program files (x86)/easily-tools/gcc/bin/../lib/gcc/arm-none-eabi/7.2.1/thumb/v6-m\libgcc.a(muldf3.o)
 *(.rodata*)
 .rodata.adc_init_inner
                0x0000e1d0       0x18 ./obj/adc.o
 .rodata.GB_16  0x0000e1e8      0x198 ./obj/main.o
 .rodata.PORT_ARR
                0x0000e380       0x14 ./obj/gpio.o
                0x0000e380                PORT_ARR
 .rodata.GPIO_ARR
                0x0000e394       0x14 ./obj/gpio.o
                0x0000e394                GPIO_ARR
 .rodata.UART_ARR
                0x0000e3a8        0x8 ./obj/uart.o
                0x0000e3a8                UART_ARR
 .rodata.nAsciiDot
                0x0000e3b0      0x600 ./obj/lcd.o
 .rodata.GB_16  0x0000e9b0      0x198 ./obj/lcd.o
 .rodata.printk
                0x0000eb48       0xc8 ./obj/printf.o
 .rodata.log.str1.4
                0x0000ec10        0x8 c:/program files (x86)/easily-tools/gcc/bin/../lib/gcc/arm-none-eabi/7.2.1/../../../../arm-none-eabi/lib/thumb/v6-m\libm.a(lib_a-w_log.o)
                                  0x5 (size before relaxing)
 *(.glue_7)
 .glue_7        0x0000ec18        0x0 linker stubs
 *(.glue_7t)
 .glue_7t       0x0000ec18        0x0 linker stubs
 *(.eh_frame)
 .eh_frame      0x0000ec18        0x0 c:/program files (x86)/easily-tools/gcc/bin/../lib/gcc/arm-none-eabi/7.2.1/thumb/v6-m/crtbegin.o
 *(.init)
 .init          0x0000ec18        0x4 c:/program files (x86)/easily-tools/gcc/bin/../lib/gcc/arm-none-eabi/7.2.1/thumb/v6-m/crti.o
                0x0000ec18                _init
 .init          0x0000ec1c        0x8 c:/program files (x86)/easily-tools/gcc/bin/../lib/gcc/arm-none-eabi/7.2.1/thumb/v6-m/crtn.o
 *(.fini)
 .fini          0x0000ec24        0x4 c:/program files (x86)/easily-tools/gcc/bin/../lib/gcc/arm-none-eabi/7.2.1/thumb/v6-m/crti.o
                0x0000ec24                _fini
 .fini          0x0000ec28        0x8 c:/program files (x86)/easily-tools/gcc/bin/../lib/gcc/arm-none-eabi/7.2.1/thumb/v6-m/crtn.o
                0x0000ec30                . = ALIGN (0x4)

.vfp11_veneer   0x0000ec30        0x0
 .vfp11_veneer  0x0000ec30        0x0 linker stubs

.v4_bx          0x0000ec30        0x0
 .v4_bx         0x0000ec30        0x0 linker stubs

.iplt           0x0000ec30        0x0
 .iplt          0x0000ec30        0x0 c:/program files (x86)/easily-tools/gcc/bin/../lib/gcc/arm-none-eabi/7.2.1/thumb/v6-m/crtbegin.o

.ARM.extab
 *(.ARM.extab* .gnu.linkonce.armextab.*)

.ARM            0x0000ec30        0x8
                0x0000ec30                __exidx_start = .
 *(.ARM.exidx*)
 .ARM.exidx     0x0000ec30        0x8 c:/program files (x86)/easily-tools/gcc/bin/../lib/gcc/arm-none-eabi/7.2.1/thumb/v6-m\libgcc.a(_udivmoddi4.o)
                0x0000ec38                __exidx_end = .

.rel.dyn        0x0000ec38        0x0
 .rel.iplt      0x0000ec38        0x0 c:/program files (x86)/easily-tools/gcc/bin/../lib/gcc/arm-none-eabi/7.2.1/thumb/v6-m/crtbegin.o

.ctors          0x0000ec38        0x0
                0x0000ec38                __CTOR_LIST__ = .
 *crtbegin.o(.ctors)
 *crtbegin?.o(.ctors)
 *(EXCLUDE_FILE(*crtend.o *crtend?.o) .ctors)
 *(SORT_BY_NAME(.ctors.*))
 *(.ctors)
                0x0000ec38                __CTOR_END__ = .

.dtors          0x0000ec38        0x0
                0x0000ec38                __DTOR_LIST__ = .
 *crtbegin.o(.dtors)
 *crtbegin?.o(.dtors)
 *(EXCLUDE_FILE(*crtend.o *crtend?.o) .dtors)
 *(SORT_BY_NAME(.dtors.*))
 *(.dtors)
                0x0000ec38                __DTOR_END__ = .

.preinit_array  0x0000ec38        0x0
                0x0000ec38                PROVIDE (__preinit_array_start, .)
 *(.preinit_array*)
                0x0000ec38                PROVIDE (__preinit_array_end, .)

.init_array     0x0000ec38        0x4
                0x0000ec38                PROVIDE (__init_array_start, .)
 *(SORT_BY_NAME(.init_array.*))
 *(.init_array*)
 .init_array    0x0000ec38        0x4 c:/program files (x86)/easily-tools/gcc/bin/../lib/gcc/arm-none-eabi/7.2.1/thumb/v6-m/crtbegin.o
                0x0000ec3c                PROVIDE (__init_array_end, .)

.fini_array     0x0000ec3c        0x4
                [!provide]                PROVIDE (__fini_array_start, .)
 *(SORT_BY_NAME(.fini_array.*))
 *(.fini_array*)
 .fini_array    0x0000ec3c        0x4 c:/program files (x86)/easily-tools/gcc/bin/../lib/gcc/arm-none-eabi/7.2.1/thumb/v6-m/crtbegin.o
                [!provide]                PROVIDE (__fini_array_end, .)
                0x0000ec40                __etext = .
                0x0000ec40                __DATA_ROM = .

.mac_config     0x0000fc00        0x0
                0x0000fc00                . = ALIGN (0x4)
 *(.MacConfig)
                0x0000fc00                . = ALIGN (0x4)

.mtb            0x20000400        0x0
                0x20000400                . = ALIGN (0x8)
                0x20000400                _mtb_start = .
 *(.mtb_buf)
                0x20000400                . = ALIGN (0x8)
                0x20000400                _mtb_end = .

.data           0x20000400       0x74 load address 0x0000ec40
                0x20000400                . = ALIGN (0x4)
                0x20000400                __DATA_RAM = .
                0x20000400                __data_start__ = .
 *(.data)
 *(.data*)
 .data.emuartFrameHead
                0x20000400        0x2 ./obj/emuart.o
 *fill*         0x20000402        0x2 
 .data.emuartFrameTail
                0x20000404        0x2 ./obj/emuart.o
 .data.UART_NO  0x20000406        0x1 ./obj/emuart.o
 *fill*         0x20000407        0x1 
 .data.SystemCoreClock
                0x20000408        0x4 ./obj/system_MKL36Z4.o
                0x20000408                SystemCoreClock
 .data.table_irq_uart
                0x2000040c        0x3 ./obj/uart.o
                0x2000040c                table_irq_uart
 .data.__fdlib_version
                0x2000040f        0x1 c:/program files (x86)/easily-tools/gcc/bin/../lib/gcc/arm-none-eabi/7.2.1/../../../../arm-none-eabi/lib/thumb/v6-m\libm.a(lib_a-s_lib_ver.o)
                0x2000040f                __fdlib_version
 .data._impure_ptr
                0x20000410        0x4 c:/program files (x86)/easily-tools/gcc/bin/../lib/gcc/arm-none-eabi/7.2.1/../../../../arm-none-eabi/lib/thumb/v6-m\libg_nano.a(lib_a-impure.o)
                0x20000410                _impure_ptr
 .data.impure_data
                0x20000414       0x60 c:/program files (x86)/easily-tools/gcc/bin/../lib/gcc/arm-none-eabi/7.2.1/../../../../arm-none-eabi/lib/thumb/v6-m\libg_nano.a(lib_a-impure.o)
 *(.jcr*)
                0x20000474                . = ALIGN (0x4)
                0x20000474                __data_end__ = .
                0x0000ecb4                __DATA_END = (__DATA_ROM + (__data_end__ - __data_start__))

.igot.plt       0x20000474        0x0 load address 0x0000ecb4
 .igot.plt      0x20000474        0x0 c:/program files (x86)/easily-tools/gcc/bin/../lib/gcc/arm-none-eabi/7.2.1/thumb/v6-m/crtbegin.o

.bss            0x20000474      0x430 load address 0x0000ecb4
                0x20000474                . = ALIGN (0x4)
                0x20000474                __START_BSS = .
                0x20000474                __bss_start__ = .
 *(.bss)
 .bss           0x20000474       0x1c c:/program files (x86)/easily-tools/gcc/bin/../lib/gcc/arm-none-eabi/7.2.1/thumb/v6-m/crtbegin.o
 *(.bss*)
 .bss.index.5051
                0x20000490        0x2 ./obj/emuart.o
 .bss.length.5052
                0x20000492        0x2 ./obj/emuart.o
 .bss.SysTickCount.5195
                0x20000494        0x1 ./obj/isr.o
 *(COMMON)
 *fill*         0x20000495        0x3 
 COMMON         0x20000498        0x4 ./obj/emuart.o
                0x20000498                component_fun
 COMMON         0x2000049c      0x408 ./obj/main.o
                0x2000049c                gchflag
                0x2000049d                gadflag
                0x200004a0                gTime
                0x200004a3                gcRecvLen
                0x200004a4                gcRecvBuf
                0x200008a4                . = ALIGN (0x4)
                0x200008a4                __bss_end__ = .
                0x200008a4                __END_BSS = .

.heap           0x200008a4      0x204 load address 0x0000f0e4
                0x200008a8                . = ALIGN (0x8)
 *fill*         0x200008a4        0x4 
                0x200008a8                __end__ = .
                [!provide]                PROVIDE (end, .)
                0x200008a8                __HeapBase = .
                0x20000aa8                . = (. + HEAP_SIZE)
 *fill*         0x200008a8      0x200 
                0x20000aa8                __HeapLimit = .

.stack          0x20000aa8      0x100 load address 0x0000f2e8
                0x20000aa8                . = ALIGN (0x8)
                0x20000ba8                . = (. + STACK_SIZE)
 *fill*         0x20000aa8      0x100 
                0x20001800                __StackTop = (ORIGIN (m_data) + LENGTH (m_data))
                0x20001700                __StackLimit = (__StackTop - STACK_SIZE)
                0x20001800                PROVIDE (__stack, __StackTop)

.ARM.attributes
                0x00000000       0x28
 *(.ARM.attributes)
 .ARM.attributes
                0x00000000       0x1e c:/program files (x86)/easily-tools/gcc/bin/../lib/gcc/arm-none-eabi/7.2.1/thumb/v6-m/crti.o
 .ARM.attributes
                0x0000001e       0x2c c:/program files (x86)/easily-tools/gcc/bin/../lib/gcc/arm-none-eabi/7.2.1/thumb/v6-m/crtbegin.o
 .ARM.attributes
                0x0000004a       0x32 ./obj/emuart.o
 .ARM.attributes
                0x0000007c       0x32 ./obj/adc.o
 .ARM.attributes
                0x000000ae       0x32 ./obj/system_MKL36Z4.o
 .ARM.attributes
                0x000000e0       0x32 ./obj/systick.o
 .ARM.attributes
                0x00000112       0x32 ./obj/main.o
 .ARM.attributes
                0x00000144       0x32 ./obj/gpio.o
 .ARM.attributes
                0x00000176       0x32 ./obj/wdog.o
 .ARM.attributes
                0x000001a8       0x32 ./obj/spi.o
 .ARM.attributes
                0x000001da       0x32 ./obj/NumToStr.o
 .ARM.attributes
                0x0000020c       0x32 ./obj/gec.o
 .ARM.attributes
                0x0000023e       0x32 ./obj/uart.o
 .ARM.attributes
                0x00000270       0x32 ./obj/lcd.o
 .ARM.attributes
                0x000002a2       0x32 ./obj/isr.o
 .ARM.attributes
                0x000002d4       0x32 ./obj/printf.o
 .ARM.attributes
                0x00000306       0x1b ./obj/startup_MKL36Z4.o
 .ARM.attributes
                0x00000321       0x2c c:/program files (x86)/easily-tools/gcc/bin/../lib/gcc/arm-none-eabi/7.2.1/../../../../arm-none-eabi/lib/thumb/v6-m\libm.a(lib_a-w_log.o)
 .ARM.attributes
                0x0000034d       0x2c c:/program files (x86)/easily-tools/gcc/bin/../lib/gcc/arm-none-eabi/7.2.1/../../../../arm-none-eabi/lib/thumb/v6-m\libm.a(lib_a-e_log.o)
 .ARM.attributes
                0x00000379       0x2c c:/program files (x86)/easily-tools/gcc/bin/../lib/gcc/arm-none-eabi/7.2.1/../../../../arm-none-eabi/lib/thumb/v6-m\libm.a(lib_a-s_lib_ver.o)
 .ARM.attributes
                0x000003a5       0x2c c:/program files (x86)/easily-tools/gcc/bin/../lib/gcc/arm-none-eabi/7.2.1/../../../../arm-none-eabi/lib/thumb/v6-m\libm.a(lib_a-s_matherr.o)
 .ARM.attributes
                0x000003d1       0x2c c:/program files (x86)/easily-tools/gcc/bin/../lib/gcc/arm-none-eabi/7.2.1/../../../../arm-none-eabi/lib/thumb/v6-m\libm.a(lib_a-s_nan.o)
 .ARM.attributes
                0x000003fd       0x1e c:/program files (x86)/easily-tools/gcc/bin/../lib/gcc/arm-none-eabi/7.2.1/thumb/v6-m\libgcc.a(_udivsi3.o)
 .ARM.attributes
                0x0000041b       0x1e c:/program files (x86)/easily-tools/gcc/bin/../lib/gcc/arm-none-eabi/7.2.1/thumb/v6-m\libgcc.a(_divsi3.o)
 .ARM.attributes
                0x00000439       0x1e c:/program files (x86)/easily-tools/gcc/bin/../lib/gcc/arm-none-eabi/7.2.1/thumb/v6-m\libgcc.a(_dvmd_tls.o)
 .ARM.attributes
                0x00000457       0x1e c:/program files (x86)/easily-tools/gcc/bin/../lib/gcc/arm-none-eabi/7.2.1/thumb/v6-m\libgcc.a(_arm_cmpdf2.o)
 .ARM.attributes
                0x00000475       0x1e c:/program files (x86)/easily-tools/gcc/bin/../lib/gcc/arm-none-eabi/7.2.1/thumb/v6-m\libgcc.a(_arm_cmpsf2.o)
 .ARM.attributes
                0x00000493       0x1e c:/program files (x86)/easily-tools/gcc/bin/../lib/gcc/arm-none-eabi/7.2.1/thumb/v6-m\libgcc.a(_aeabi_uldivmod.o)
 .ARM.attributes
                0x000004b1       0x2c c:/program files (x86)/easily-tools/gcc/bin/../lib/gcc/arm-none-eabi/7.2.1/thumb/v6-m\libgcc.a(_fixunsdfsi.o)
 .ARM.attributes
                0x000004dd       0x2c c:/program files (x86)/easily-tools/gcc/bin/../lib/gcc/arm-none-eabi/7.2.1/thumb/v6-m\libgcc.a(_fixunsdfdi.o)
 .ARM.attributes
                0x00000509       0x2c c:/program files (x86)/easily-tools/gcc/bin/../lib/gcc/arm-none-eabi/7.2.1/thumb/v6-m\libgcc.a(_udivmoddi4.o)
 .ARM.attributes
                0x00000535       0x2c c:/program files (x86)/easily-tools/gcc/bin/../lib/gcc/arm-none-eabi/7.2.1/thumb/v6-m\libgcc.a(divsf3.o)
 .ARM.attributes
                0x00000561       0x2c c:/program files (x86)/easily-tools/gcc/bin/../lib/gcc/arm-none-eabi/7.2.1/thumb/v6-m\libgcc.a(eqsf2.o)
 .ARM.attributes
                0x0000058d       0x2c c:/program files (x86)/easily-tools/gcc/bin/../lib/gcc/arm-none-eabi/7.2.1/thumb/v6-m\libgcc.a(gesf2.o)
 .ARM.attributes
                0x000005b9       0x2c c:/program files (x86)/easily-tools/gcc/bin/../lib/gcc/arm-none-eabi/7.2.1/thumb/v6-m\libgcc.a(lesf2.o)
 .ARM.attributes
                0x000005e5       0x2c c:/program files (x86)/easily-tools/gcc/bin/../lib/gcc/arm-none-eabi/7.2.1/thumb/v6-m\libgcc.a(mulsf3.o)
 .ARM.attributes
                0x00000611       0x2c c:/program files (x86)/easily-tools/gcc/bin/../lib/gcc/arm-none-eabi/7.2.1/thumb/v6-m\libgcc.a(subsf3.o)
 .ARM.attributes
                0x0000063d       0x2c c:/program files (x86)/easily-tools/gcc/bin/../lib/gcc/arm-none-eabi/7.2.1/thumb/v6-m\libgcc.a(fixsfsi.o)
 .ARM.attributes
                0x00000669       0x2c c:/program files (x86)/easily-tools/gcc/bin/../lib/gcc/arm-none-eabi/7.2.1/thumb/v6-m\libgcc.a(floatsisf.o)
 .ARM.attributes
                0x00000695       0x2c c:/program files (x86)/easily-tools/gcc/bin/../lib/gcc/arm-none-eabi/7.2.1/thumb/v6-m\libgcc.a(floatunsisf.o)
 .ARM.attributes
                0x000006c1       0x2c c:/program files (x86)/easily-tools/gcc/bin/../lib/gcc/arm-none-eabi/7.2.1/thumb/v6-m\libgcc.a(adddf3.o)
 .ARM.attributes
                0x000006ed       0x2c c:/program files (x86)/easily-tools/gcc/bin/../lib/gcc/arm-none-eabi/7.2.1/thumb/v6-m\libgcc.a(divdf3.o)
 .ARM.attributes
                0x00000719       0x2c c:/program files (x86)/easily-tools/gcc/bin/../lib/gcc/arm-none-eabi/7.2.1/thumb/v6-m\libgcc.a(eqdf2.o)
 .ARM.attributes
                0x00000745       0x2c c:/program files (x86)/easily-tools/gcc/bin/../lib/gcc/arm-none-eabi/7.2.1/thumb/v6-m\libgcc.a(gedf2.o)
 .ARM.attributes
                0x00000771       0x2c c:/program files (x86)/easily-tools/gcc/bin/../lib/gcc/arm-none-eabi/7.2.1/thumb/v6-m\libgcc.a(ledf2.o)
 .ARM.attributes
                0x0000079d       0x2c c:/program files (x86)/easily-tools/gcc/bin/../lib/gcc/arm-none-eabi/7.2.1/thumb/v6-m\libgcc.a(muldf3.o)
 .ARM.attributes
                0x000007c9       0x2c c:/program files (x86)/easily-tools/gcc/bin/../lib/gcc/arm-none-eabi/7.2.1/thumb/v6-m\libgcc.a(subdf3.o)
 .ARM.attributes
                0x000007f5       0x2c c:/program files (x86)/easily-tools/gcc/bin/../lib/gcc/arm-none-eabi/7.2.1/thumb/v6-m\libgcc.a(unorddf2.o)
 .ARM.attributes
                0x00000821       0x2c c:/program files (x86)/easily-tools/gcc/bin/../lib/gcc/arm-none-eabi/7.2.1/thumb/v6-m\libgcc.a(fixdfsi.o)
 .ARM.attributes
                0x0000084d       0x2c c:/program files (x86)/easily-tools/gcc/bin/../lib/gcc/arm-none-eabi/7.2.1/thumb/v6-m\libgcc.a(floatsidf.o)
 .ARM.attributes
                0x00000879       0x2c c:/program files (x86)/easily-tools/gcc/bin/../lib/gcc/arm-none-eabi/7.2.1/thumb/v6-m\libgcc.a(floatunsidf.o)
 .ARM.attributes
                0x000008a5       0x2c c:/program files (x86)/easily-tools/gcc/bin/../lib/gcc/arm-none-eabi/7.2.1/thumb/v6-m\libgcc.a(extendsfdf2.o)
 .ARM.attributes
                0x000008d1       0x2c c:/program files (x86)/easily-tools/gcc/bin/../lib/gcc/arm-none-eabi/7.2.1/thumb/v6-m\libgcc.a(truncdfsf2.o)
 .ARM.attributes
                0x000008fd       0x1e c:/program files (x86)/easily-tools/gcc/bin/../lib/gcc/arm-none-eabi/7.2.1/thumb/v6-m\libgcc.a(_clzsi2.o)
 .ARM.attributes
                0x0000091b       0x1e c:/program files (x86)/easily-tools/gcc/bin/../lib/gcc/arm-none-eabi/7.2.1/thumb/v6-m\libgcc.a(_clzdi2.o)
 .ARM.attributes
                0x00000939       0x2c c:/program files (x86)/easily-tools/gcc/bin/../lib/gcc/arm-none-eabi/7.2.1/../../../../arm-none-eabi/lib/thumb/v6-m\libg_nano.a(lib_a-errno.o)
 .ARM.attributes
                0x00000965       0x2c c:/program files (x86)/easily-tools/gcc/bin/../lib/gcc/arm-none-eabi/7.2.1/../../../../arm-none-eabi/lib/thumb/v6-m\libg_nano.a(lib_a-impure.o)
 .ARM.attributes
                0x00000991       0x2c c:/program files (x86)/easily-tools/gcc/bin/../lib/gcc/arm-none-eabi/7.2.1/../../../../arm-none-eabi/lib/thumb/v6-m\libg_nano.a(lib_a-memset.o)
 .ARM.attributes
                0x000009bd       0x1c c:/program files (x86)/easily-tools/gcc/bin/../lib/gcc/arm-none-eabi/7.2.1/../../../../arm-none-eabi/lib/thumb/v6-m\libg_nano.a(lib_a-strcmp.o)
 .ARM.attributes
                0x000009d9       0x1c c:/program files (x86)/easily-tools/gcc/bin/../lib/gcc/arm-none-eabi/7.2.1/../../../../arm-none-eabi/lib/thumb/v6-m\libg_nano.a(lib_a-strlen.o)
 .ARM.attributes
                0x000009f5       0x2c c:/program files (x86)/easily-tools/gcc/bin/../lib/gcc/arm-none-eabi/7.2.1/../../../../arm-none-eabi/lib/thumb/v6-m\libg_nano.a(lib_a-strncmp.o)
 .ARM.attributes
                0x00000a21       0x1e c:/program files (x86)/easily-tools/gcc/bin/../lib/gcc/arm-none-eabi/7.2.1/thumb/v6-m/crtn.o
                0x00000001                ASSERT ((__StackLimit >= __HeapLimit), region m_data overflowed with stack and heap)
OUTPUT(KL36_Demo_Sys.elf elf32-littlearm)

.debug_info     0x00000000     0x9189
 .debug_info    0x00000000      0xb6d ./obj/emuart.o
 .debug_info    0x00000b6d      0xe43 ./obj/adc.o
 .debug_info    0x000019b0      0x402 ./obj/system_MKL36Z4.o
 .debug_info    0x00001db2      0x402 ./obj/systick.o
 .debug_info    0x000021b4      0xaea ./obj/main.o
 .debug_info    0x00002c9e     0x1096 ./obj/gpio.o
 .debug_info    0x00003d34      0x2eb ./obj/wdog.o
 .debug_info    0x0000401f      0x846 ./obj/spi.o
 .debug_info    0x00004865      0x1f0 ./obj/NumToStr.o
 .debug_info    0x00004a55      0x9c9 ./obj/gec.o
 .debug_info    0x0000541e     0x12d1 ./obj/uart.o
 .debug_info    0x000066ef     0x1102 ./obj/lcd.o
 .debug_info    0x000077f1      0xad8 ./obj/isr.o
 .debug_info    0x000082c9      0xe9a ./obj/printf.o
 .debug_info    0x00009163       0x26 ./obj/startup_MKL36Z4.o

.debug_abbrev   0x00000000     0x1d87
 .debug_abbrev  0x00000000      0x272 ./obj/emuart.o
 .debug_abbrev  0x00000272      0x29e ./obj/adc.o
 .debug_abbrev  0x00000510       0xed ./obj/system_MKL36Z4.o
 .debug_abbrev  0x000005fd      0x162 ./obj/systick.o
 .debug_abbrev  0x0000075f      0x220 ./obj/main.o
 .debug_abbrev  0x0000097f      0x30a ./obj/gpio.o
 .debug_abbrev  0x00000c89      0x122 ./obj/wdog.o
 .debug_abbrev  0x00000dab      0x1e6 ./obj/spi.o
 .debug_abbrev  0x00000f91       0x9d ./obj/NumToStr.o
 .debug_abbrev  0x0000102e      0x1e7 ./obj/gec.o
 .debug_abbrev  0x00001215      0x358 ./obj/uart.o
 .debug_abbrev  0x0000156d      0x2bd ./obj/lcd.o
 .debug_abbrev  0x0000182a      0x279 ./obj/isr.o
 .debug_abbrev  0x00001aa3      0x2d0 ./obj/printf.o
 .debug_abbrev  0x00001d73       0x14 ./obj/startup_MKL36Z4.o

.debug_aranges  0x00000000      0x448
 .debug_aranges
                0x00000000       0x50 ./obj/emuart.o
 .debug_aranges
                0x00000050       0x50 ./obj/adc.o
 .debug_aranges
                0x000000a0       0x20 ./obj/system_MKL36Z4.o
 .debug_aranges
                0x000000c0       0x28 ./obj/systick.o
 .debug_aranges
                0x000000e8       0x20 ./obj/main.o
 .debug_aranges
                0x00000108       0x88 ./obj/gpio.o
 .debug_aranges
                0x00000190       0x30 ./obj/wdog.o
 .debug_aranges
                0x000001c0       0x60 ./obj/spi.o
 .debug_aranges
                0x00000220       0x28 ./obj/NumToStr.o
 .debug_aranges
                0x00000248       0x20 ./obj/gec.o
 .debug_aranges
                0x00000268       0x80 ./obj/uart.o
 .debug_aranges
                0x000002e8       0xb8 ./obj/lcd.o
 .debug_aranges
                0x000003a0       0x30 ./obj/isr.o
 .debug_aranges
                0x000003d0       0x58 ./obj/printf.o
 .debug_aranges
                0x00000428       0x20 ./obj/startup_MKL36Z4.o

.debug_ranges   0x00000000      0x348
 .debug_ranges  0x00000000       0x40 ./obj/emuart.o
 .debug_ranges  0x00000040       0x40 ./obj/adc.o
 .debug_ranges  0x00000080       0x10 ./obj/system_MKL36Z4.o
 .debug_ranges  0x00000090       0x18 ./obj/systick.o
 .debug_ranges  0x000000a8       0x10 ./obj/main.o
 .debug_ranges  0x000000b8       0x78 ./obj/gpio.o
 .debug_ranges  0x00000130       0x20 ./obj/wdog.o
 .debug_ranges  0x00000150       0x50 ./obj/spi.o
 .debug_ranges  0x000001a0       0x18 ./obj/NumToStr.o
 .debug_ranges  0x000001b8       0x10 ./obj/gec.o
 .debug_ranges  0x000001c8       0x70 ./obj/uart.o
 .debug_ranges  0x00000238       0xa8 ./obj/lcd.o
 .debug_ranges  0x000002e0       0x20 ./obj/isr.o
 .debug_ranges  0x00000300       0x48 ./obj/printf.o

.debug_macro    0x00000000     0xfeb4
 .debug_macro   0x00000000      0x19b ./obj/emuart.o
 .debug_macro   0x0000019b      0xafc ./obj/emuart.o
 .debug_macro   0x00000c97       0x22 ./obj/emuart.o
 .debug_macro   0x00000cb9       0x52 ./obj/emuart.o
 .debug_macro   0x00000d0b       0x17 ./obj/emuart.o
 .debug_macro   0x00000d22       0x55 ./obj/emuart.o
 .debug_macro   0x00000d77       0x35 ./obj/emuart.o
 .debug_macro   0x00000dac       0x9c ./obj/emuart.o
 .debug_macro   0x00000e48      0x16d ./obj/emuart.o
 .debug_macro   0x00000fb5       0x57 ./obj/emuart.o
 .debug_macro   0x0000100c       0x58 ./obj/emuart.o
 .debug_macro   0x00001064       0x1f ./obj/emuart.o
 .debug_macro   0x00001083       0x43 ./obj/emuart.o
 .debug_macro   0x000010c6       0x20 ./obj/emuart.o
 .debug_macro   0x000010e6      0x18e ./obj/emuart.o
 .debug_macro   0x00001274      0x353 ./obj/emuart.o
 .debug_macro   0x000015c7       0x10 ./obj/emuart.o
 .debug_macro   0x000015d7       0x35 ./obj/emuart.o
 .debug_macro   0x0000160c       0x16 ./obj/emuart.o
 .debug_macro   0x00001622       0xef ./obj/emuart.o
 .debug_macro   0x00001711       0x6a ./obj/emuart.o
 .debug_macro   0x0000177b      0x1df ./obj/emuart.o
 .debug_macro   0x0000195a       0x39 ./obj/emuart.o
 .debug_macro   0x00001993       0x3a ./obj/emuart.o
 .debug_macro   0x000019cd       0x26 ./obj/emuart.o
 .debug_macro   0x000019f3      0x306 ./obj/emuart.o
 .debug_macro   0x00001cf9     0xc3a9 ./obj/emuart.o
 .debug_macro   0x0000e0a2       0x16 ./obj/emuart.o
 .debug_macro   0x0000e0b8       0xa0 ./obj/emuart.o
 .debug_macro   0x0000e158       0x2e ./obj/emuart.o
 .debug_macro   0x0000e186      0x197 ./obj/adc.o
 .debug_macro   0x0000e31d       0x4f ./obj/adc.o
 .debug_macro   0x0000e36c       0x51 ./obj/adc.o
 .debug_macro   0x0000e3bd       0x58 ./obj/adc.o
 .debug_macro   0x0000e415       0x94 ./obj/adc.o
 .debug_macro   0x0000e4a9       0xa8 ./obj/system_MKL36Z4.o
 .debug_macro   0x0000e551       0x4b ./obj/system_MKL36Z4.o
 .debug_macro   0x0000e59c       0xe5 ./obj/systick.o
 .debug_macro   0x0000e681      0x229 ./obj/main.o
 .debug_macro   0x0000e8aa       0x52 ./obj/main.o
 .debug_macro   0x0000e8fc       0x34 ./obj/main.o
 .debug_macro   0x0000e930       0x56 ./obj/main.o
 .debug_macro   0x0000e986       0x22 ./obj/main.o
 .debug_macro   0x0000e9a8       0xa0 ./obj/main.o
 .debug_macro   0x0000ea48       0x4c ./obj/main.o
 .debug_macro   0x0000ea94       0x16 ./obj/main.o
 .debug_macro   0x0000eaaa       0xd5 ./obj/main.o
 .debug_macro   0x0000eb7f       0x9a ./obj/main.o
 .debug_macro   0x0000ec19      0x197 ./obj/gpio.o
 .debug_macro   0x0000edb0       0xea ./obj/wdog.o
 .debug_macro   0x0000ee9a       0x1c ./obj/wdog.o
 .debug_macro   0x0000eeb6       0xf3 ./obj/spi.o
 .debug_macro   0x0000efa9       0xd2 ./obj/NumToStr.o
 .debug_macro   0x0000f07b      0x1c7 ./obj/gec.o
 .debug_macro   0x0000f242       0x9a ./obj/gec.o
 .debug_macro   0x0000f2dc      0x4b6 ./obj/gec.o
 .debug_macro   0x0000f792      0x197 ./obj/uart.o
 .debug_macro   0x0000f929      0x1c8 ./obj/lcd.o
 .debug_macro   0x0000faf1      0x223 ./obj/isr.o
 .debug_macro   0x0000fd14      0x1a0 ./obj/printf.o

.debug_line     0x00000000     0x3ded
 .debug_line    0x00000000      0x486 ./obj/emuart.o
 .debug_line    0x00000486      0x423 ./obj/adc.o
 .debug_line    0x000008a9      0x28a ./obj/system_MKL36Z4.o
 .debug_line    0x00000b33      0x2eb ./obj/systick.o
 .debug_line    0x00000e1e      0x59f ./obj/main.o
 .debug_line    0x000013bd      0x49e ./obj/gpio.o
 .debug_line    0x0000185b      0x2eb ./obj/wdog.o
 .debug_line    0x00001b46      0x44e ./obj/spi.o
 .debug_line    0x00001f94      0x30c ./obj/NumToStr.o
 .debug_line    0x000022a0      0x3c9 ./obj/gec.o
 .debug_line    0x00002669      0x539 ./obj/uart.o
 .debug_line    0x00002ba2      0x745 ./obj/lcd.o
 .debug_line    0x000032e7      0x4d6 ./obj/isr.o
 .debug_line    0x000037bd      0x5c2 ./obj/printf.o
 .debug_line    0x00003d7f       0x6e ./obj/startup_MKL36Z4.o

.debug_str      0x00000000    0x4fffd
 .debug_str     0x00000000    0x4dd70 ./obj/emuart.o
                              0x4e287 (size before relaxing)
 .debug_str     0x0004dd70      0x415 ./obj/adc.o
                              0x4e563 (size before relaxing)
 .debug_str     0x0004e185       0x5c ./obj/system_MKL36Z4.o
                              0x4adcb (size before relaxing)
 .debug_str     0x0004e1e1      0x292 ./obj/systick.o
                              0x4b352 (size before relaxing)
 .debug_str     0x0004e473      0xb27 ./obj/main.o
                              0x4ef07 (size before relaxing)
 .debug_str     0x0004ef9a      0x178 ./obj/gpio.o
                              0x4e5b5 (size before relaxing)
 .debug_str     0x0004f112       0x33 ./obj/wdog.o
                              0x4b1eb (size before relaxing)
 .debug_str     0x0004f145       0xce ./obj/spi.o
                              0x4b54e (size before relaxing)
 .debug_str     0x0004f213       0x36 ./obj/NumToStr.o
                              0x4ad95 (size before relaxing)
 .debug_str     0x0004f249      0x968 ./obj/gec.o
                              0x4f35c (size before relaxing)
 .debug_str     0x0004fbb1       0xe3 ./obj/uart.o
                              0x4e5ea (size before relaxing)
 .debug_str     0x0004fc94      0x192 ./obj/lcd.o
                              0x4e69a (size before relaxing)
 .debug_str     0x0004fe26       0x54 ./obj/isr.o
                              0x4ef03 (size before relaxing)
 .debug_str     0x0004fe7a      0x15d ./obj/printf.o
                              0x4e5ab (size before relaxing)
 .debug_str     0x0004ffd7       0x26 ./obj/startup_MKL36Z4.o
                                 0x46 (size before relaxing)

.comment        0x00000000       0x7e
 .comment       0x00000000       0x7e ./obj/emuart.o
                                 0x7f (size before relaxing)
 .comment       0x0000007e       0x7f ./obj/adc.o
 .comment       0x0000007e       0x7f ./obj/system_MKL36Z4.o
 .comment       0x0000007e       0x7f ./obj/systick.o
 .comment       0x0000007e       0x7f ./obj/main.o
 .comment       0x0000007e       0x7f ./obj/gpio.o
 .comment       0x0000007e       0x7f ./obj/wdog.o
 .comment       0x0000007e       0x7f ./obj/spi.o
 .comment       0x0000007e       0x7f ./obj/NumToStr.o
 .comment       0x0000007e       0x7f ./obj/gec.o
 .comment       0x0000007e       0x7f ./obj/uart.o
 .comment       0x0000007e       0x7f ./obj/lcd.o
 .comment       0x0000007e       0x7f ./obj/isr.o
 .comment       0x0000007e       0x7f ./obj/printf.o

.debug_frame    0x00000000      0xfc8
 .debug_frame   0x00000000       0xbc ./obj/emuart.o
 .debug_frame   0x000000bc       0xbc ./obj/adc.o
 .debug_frame   0x00000178       0x20 ./obj/system_MKL36Z4.o
 .debug_frame   0x00000198       0x44 ./obj/systick.o
 .debug_frame   0x000001dc       0x2c ./obj/main.o
 .debug_frame   0x00000208      0x154 ./obj/gpio.o
 .debug_frame   0x0000035c       0x44 ./obj/wdog.o
 .debug_frame   0x000003a0       0xd4 ./obj/spi.o
 .debug_frame   0x00000474       0x44 ./obj/NumToStr.o
 .debug_frame   0x000004b8       0x2c ./obj/gec.o
 .debug_frame   0x000004e4      0x13c ./obj/uart.o
 .debug_frame   0x00000620      0x214 ./obj/lcd.o
 .debug_frame   0x00000834       0x58 ./obj/isr.o
 .debug_frame   0x0000088c       0xe0 ./obj/printf.o
 .debug_frame   0x0000096c       0x38 c:/program files (x86)/easily-tools/gcc/bin/../lib/gcc/arm-none-eabi/7.2.1/../../../../arm-none-eabi/lib/thumb/v6-m\libm.a(lib_a-w_log.o)
 .debug_frame   0x000009a4       0x3c c:/program files (x86)/easily-tools/gcc/bin/../lib/gcc/arm-none-eabi/7.2.1/../../../../arm-none-eabi/lib/thumb/v6-m\libm.a(lib_a-e_log.o)
 .debug_frame   0x000009e0       0x20 c:/program files (x86)/easily-tools/gcc/bin/../lib/gcc/arm-none-eabi/7.2.1/../../../../arm-none-eabi/lib/thumb/v6-m\libm.a(lib_a-s_matherr.o)
 .debug_frame   0x00000a00       0x20 c:/program files (x86)/easily-tools/gcc/bin/../lib/gcc/arm-none-eabi/7.2.1/../../../../arm-none-eabi/lib/thumb/v6-m\libm.a(lib_a-s_nan.o)
 .debug_frame   0x00000a20       0x20 c:/program files (x86)/easily-tools/gcc/bin/../lib/gcc/arm-none-eabi/7.2.1/thumb/v6-m\libgcc.a(_udivsi3.o)
 .debug_frame   0x00000a40       0x20 c:/program files (x86)/easily-tools/gcc/bin/../lib/gcc/arm-none-eabi/7.2.1/thumb/v6-m\libgcc.a(_divsi3.o)
 .debug_frame   0x00000a60       0x2c c:/program files (x86)/easily-tools/gcc/bin/../lib/gcc/arm-none-eabi/7.2.1/thumb/v6-m\libgcc.a(_fixunsdfsi.o)
 .debug_frame   0x00000a8c       0x2c c:/program files (x86)/easily-tools/gcc/bin/../lib/gcc/arm-none-eabi/7.2.1/thumb/v6-m\libgcc.a(_fixunsdfdi.o)
 .debug_frame   0x00000ab8       0x3c c:/program files (x86)/easily-tools/gcc/bin/../lib/gcc/arm-none-eabi/7.2.1/thumb/v6-m\libgcc.a(_udivmoddi4.o)
 .debug_frame   0x00000af4       0x3c c:/program files (x86)/easily-tools/gcc/bin/../lib/gcc/arm-none-eabi/7.2.1/thumb/v6-m\libgcc.a(divsf3.o)
 .debug_frame   0x00000b30       0x2c c:/program files (x86)/easily-tools/gcc/bin/../lib/gcc/arm-none-eabi/7.2.1/thumb/v6-m\libgcc.a(eqsf2.o)
 .debug_frame   0x00000b5c       0x2c c:/program files (x86)/easily-tools/gcc/bin/../lib/gcc/arm-none-eabi/7.2.1/thumb/v6-m\libgcc.a(gesf2.o)
 .debug_frame   0x00000b88       0x2c c:/program files (x86)/easily-tools/gcc/bin/../lib/gcc/arm-none-eabi/7.2.1/thumb/v6-m\libgcc.a(lesf2.o)
 .debug_frame   0x00000bb4       0x3c c:/program files (x86)/easily-tools/gcc/bin/../lib/gcc/arm-none-eabi/7.2.1/thumb/v6-m\libgcc.a(mulsf3.o)
 .debug_frame   0x00000bf0       0x38 c:/program files (x86)/easily-tools/gcc/bin/../lib/gcc/arm-none-eabi/7.2.1/thumb/v6-m\libgcc.a(subsf3.o)
 .debug_frame   0x00000c28       0x20 c:/program files (x86)/easily-tools/gcc/bin/../lib/gcc/arm-none-eabi/7.2.1/thumb/v6-m\libgcc.a(fixsfsi.o)
 .debug_frame   0x00000c48       0x2c c:/program files (x86)/easily-tools/gcc/bin/../lib/gcc/arm-none-eabi/7.2.1/thumb/v6-m\libgcc.a(floatsisf.o)
 .debug_frame   0x00000c74       0x2c c:/program files (x86)/easily-tools/gcc/bin/../lib/gcc/arm-none-eabi/7.2.1/thumb/v6-m\libgcc.a(floatunsisf.o)
 .debug_frame   0x00000ca0       0x38 c:/program files (x86)/easily-tools/gcc/bin/../lib/gcc/arm-none-eabi/7.2.1/thumb/v6-m\libgcc.a(adddf3.o)
 .debug_frame   0x00000cd8       0x3c c:/program files (x86)/easily-tools/gcc/bin/../lib/gcc/arm-none-eabi/7.2.1/thumb/v6-m\libgcc.a(divdf3.o)
 .debug_frame   0x00000d14       0x38 c:/program files (x86)/easily-tools/gcc/bin/../lib/gcc/arm-none-eabi/7.2.1/thumb/v6-m\libgcc.a(eqdf2.o)
 .debug_frame   0x00000d4c       0x38 c:/program files (x86)/easily-tools/gcc/bin/../lib/gcc/arm-none-eabi/7.2.1/thumb/v6-m\libgcc.a(gedf2.o)
 .debug_frame   0x00000d84       0x38 c:/program files (x86)/easily-tools/gcc/bin/../lib/gcc/arm-none-eabi/7.2.1/thumb/v6-m\libgcc.a(ledf2.o)
 .debug_frame   0x00000dbc       0x3c c:/program files (x86)/easily-tools/gcc/bin/../lib/gcc/arm-none-eabi/7.2.1/thumb/v6-m\libgcc.a(muldf3.o)
 .debug_frame   0x00000df8       0x3c c:/program files (x86)/easily-tools/gcc/bin/../lib/gcc/arm-none-eabi/7.2.1/thumb/v6-m\libgcc.a(subdf3.o)
 .debug_frame   0x00000e34       0x2c c:/program files (x86)/easily-tools/gcc/bin/../lib/gcc/arm-none-eabi/7.2.1/thumb/v6-m\libgcc.a(unorddf2.o)
 .debug_frame   0x00000e60       0x2c c:/program files (x86)/easily-tools/gcc/bin/../lib/gcc/arm-none-eabi/7.2.1/thumb/v6-m\libgcc.a(fixdfsi.o)
 .debug_frame   0x00000e8c       0x2c c:/program files (x86)/easily-tools/gcc/bin/../lib/gcc/arm-none-eabi/7.2.1/thumb/v6-m\libgcc.a(floatsidf.o)
 .debug_frame   0x00000eb8       0x28 c:/program files (x86)/easily-tools/gcc/bin/../lib/gcc/arm-none-eabi/7.2.1/thumb/v6-m\libgcc.a(floatunsidf.o)
 .debug_frame   0x00000ee0       0x2c c:/program files (x86)/easily-tools/gcc/bin/../lib/gcc/arm-none-eabi/7.2.1/thumb/v6-m\libgcc.a(extendsfdf2.o)
 .debug_frame   0x00000f0c       0x30 c:/program files (x86)/easily-tools/gcc/bin/../lib/gcc/arm-none-eabi/7.2.1/thumb/v6-m\libgcc.a(truncdfsf2.o)
 .debug_frame   0x00000f3c       0x20 c:/program files (x86)/easily-tools/gcc/bin/../lib/gcc/arm-none-eabi/7.2.1/../../../../arm-none-eabi/lib/thumb/v6-m\libg_nano.a(lib_a-errno.o)
 .debug_frame   0x00000f5c       0x20 c:/program files (x86)/easily-tools/gcc/bin/../lib/gcc/arm-none-eabi/7.2.1/../../../../arm-none-eabi/lib/thumb/v6-m\libg_nano.a(lib_a-memset.o)
 .debug_frame   0x00000f7c       0x20 c:/program files (x86)/easily-tools/gcc/bin/../lib/gcc/arm-none-eabi/7.2.1/../../../../arm-none-eabi/lib/thumb/v6-m\libg_nano.a(lib_a-strcmp.o)
 .debug_frame   0x00000f9c       0x2c c:/program files (x86)/easily-tools/gcc/bin/../lib/gcc/arm-none-eabi/7.2.1/../../../../arm-none-eabi/lib/thumb/v6-m\libg_nano.a(lib_a-strncmp.o)
