Archive member included to satisfy reference by file (symbol)

c:/program files (x86)/easily-tools/gcc/bin/../lib/gcc/arm-none-eabi/7.2.1/thumb/v6-m\libgcc.a(_udivsi3.o)
                              ./obj/systick.o (__aeabi_uidiv)
c:/program files (x86)/easily-tools/gcc/bin/../lib/gcc/arm-none-eabi/7.2.1/thumb/v6-m\libgcc.a(_divsi3.o)
                              ./obj/spi.o (__aeabi_idiv)
c:/program files (x86)/easily-tools/gcc/bin/../lib/gcc/arm-none-eabi/7.2.1/thumb/v6-m\libgcc.a(_dvmd_tls.o)
                              c:/program files (x86)/easily-tools/gcc/bin/../lib/gcc/arm-none-eabi/7.2.1/thumb/v6-m\libgcc.a(_udivsi3.o) (__aeabi_idiv0)
c:/program files (x86)/easily-tools/gcc/bin/../lib/gcc/arm-none-eabi/7.2.1/thumb/v6-m\libgcc.a(_arm_cmpdf2.o)
                              ./obj/NumToStr.o (__aeabi_dcmplt)
c:/program files (x86)/easily-tools/gcc/bin/../lib/gcc/arm-none-eabi/7.2.1/thumb/v6-m\libgcc.a(_arm_cmpsf2.o)
                              ./obj/NumToStr.o (__aeabi_fcmplt)
c:/program files (x86)/easily-tools/gcc/bin/../lib/gcc/arm-none-eabi/7.2.1/thumb/v6-m\libgcc.a(_aeabi_uldivmod.o)
                              ./obj/printf.o (__aeabi_uldivmod)
c:/program files (x86)/easily-tools/gcc/bin/../lib/gcc/arm-none-eabi/7.2.1/thumb/v6-m\libgcc.a(_fixunsdfsi.o)
                              ./obj/printf.o (__aeabi_d2uiz)
c:/program files (x86)/easily-tools/gcc/bin/../lib/gcc/arm-none-eabi/7.2.1/thumb/v6-m\libgcc.a(_fixunsdfdi.o)
                              ./obj/printf.o (__aeabi_d2ulz)
c:/program files (x86)/easily-tools/gcc/bin/../lib/gcc/arm-none-eabi/7.2.1/thumb/v6-m\libgcc.a(_udivmoddi4.o)
                              c:/program files (x86)/easily-tools/gcc/bin/../lib/gcc/arm-none-eabi/7.2.1/thumb/v6-m\libgcc.a(_aeabi_uldivmod.o) (__udivmoddi4)
c:/program files (x86)/easily-tools/gcc/bin/../lib/gcc/arm-none-eabi/7.2.1/thumb/v6-m\libgcc.a(eqsf2.o)
                              c:/program files (x86)/easily-tools/gcc/bin/../lib/gcc/arm-none-eabi/7.2.1/thumb/v6-m\libgcc.a(_arm_cmpsf2.o) (__eqsf2)
c:/program files (x86)/easily-tools/gcc/bin/../lib/gcc/arm-none-eabi/7.2.1/thumb/v6-m\libgcc.a(gesf2.o)
                              c:/program files (x86)/easily-tools/gcc/bin/../lib/gcc/arm-none-eabi/7.2.1/thumb/v6-m\libgcc.a(_arm_cmpsf2.o) (__gesf2)
c:/program files (x86)/easily-tools/gcc/bin/../lib/gcc/arm-none-eabi/7.2.1/thumb/v6-m\libgcc.a(lesf2.o)
                              c:/program files (x86)/easily-tools/gcc/bin/../lib/gcc/arm-none-eabi/7.2.1/thumb/v6-m\libgcc.a(_arm_cmpsf2.o) (__lesf2)
c:/program files (x86)/easily-tools/gcc/bin/../lib/gcc/arm-none-eabi/7.2.1/thumb/v6-m\libgcc.a(mulsf3.o)
                              ./obj/NumToStr.o (__aeabi_fmul)
c:/program files (x86)/easily-tools/gcc/bin/../lib/gcc/arm-none-eabi/7.2.1/thumb/v6-m\libgcc.a(subsf3.o)
                              ./obj/NumToStr.o (__aeabi_fsub)
c:/program files (x86)/easily-tools/gcc/bin/../lib/gcc/arm-none-eabi/7.2.1/thumb/v6-m\libgcc.a(fixsfsi.o)
                              ./obj/NumToStr.o (__aeabi_f2iz)
c:/program files (x86)/easily-tools/gcc/bin/../lib/gcc/arm-none-eabi/7.2.1/thumb/v6-m\libgcc.a(floatsisf.o)
                              ./obj/NumToStr.o (__aeabi_i2f)
c:/program files (x86)/easily-tools/gcc/bin/../lib/gcc/arm-none-eabi/7.2.1/thumb/v6-m\libgcc.a(eqdf2.o)
                              c:/program files (x86)/easily-tools/gcc/bin/../lib/gcc/arm-none-eabi/7.2.1/thumb/v6-m\libgcc.a(_arm_cmpdf2.o) (__eqdf2)
c:/program files (x86)/easily-tools/gcc/bin/../lib/gcc/arm-none-eabi/7.2.1/thumb/v6-m\libgcc.a(gedf2.o)
                              c:/program files (x86)/easily-tools/gcc/bin/../lib/gcc/arm-none-eabi/7.2.1/thumb/v6-m\libgcc.a(_arm_cmpdf2.o) (__gedf2)
c:/program files (x86)/easily-tools/gcc/bin/../lib/gcc/arm-none-eabi/7.2.1/thumb/v6-m\libgcc.a(ledf2.o)
                              c:/program files (x86)/easily-tools/gcc/bin/../lib/gcc/arm-none-eabi/7.2.1/thumb/v6-m\libgcc.a(_arm_cmpdf2.o) (__ledf2)
c:/program files (x86)/easily-tools/gcc/bin/../lib/gcc/arm-none-eabi/7.2.1/thumb/v6-m\libgcc.a(muldf3.o)
                              ./obj/printf.o (__aeabi_dmul)
c:/program files (x86)/easily-tools/gcc/bin/../lib/gcc/arm-none-eabi/7.2.1/thumb/v6-m\libgcc.a(subdf3.o)
                              ./obj/printf.o (__aeabi_dsub)
c:/program files (x86)/easily-tools/gcc/bin/../lib/gcc/arm-none-eabi/7.2.1/thumb/v6-m\libgcc.a(fixdfsi.o)
                              c:/program files (x86)/easily-tools/gcc/bin/../lib/gcc/arm-none-eabi/7.2.1/thumb/v6-m\libgcc.a(_fixunsdfsi.o) (__aeabi_d2iz)
c:/program files (x86)/easily-tools/gcc/bin/../lib/gcc/arm-none-eabi/7.2.1/thumb/v6-m\libgcc.a(floatunsidf.o)
                              ./obj/printf.o (__aeabi_ui2d)
c:/program files (x86)/easily-tools/gcc/bin/../lib/gcc/arm-none-eabi/7.2.1/thumb/v6-m\libgcc.a(extendsfdf2.o)
                              ./obj/NumToStr.o (__aeabi_f2d)
[...]
Memory Configuration

Name             Origin             Length             Attributes
m_interrupts     0x00006800         0x00000100         xr
m_flash_config   0x00006c00         0x00000010         xr
m_text           0x00006c10         0x000093f0         xr
m_mac_config     0x0000fc00         0x00000400         xr
m_data           0x20000400         0x00001400         rw
*default*        0x00000000         0xffffffff

Linker script and memory map

LOAD c:/program files (x86)/easily-tools/gcc/bin/../lib/gcc/arm-none-eabi/7.2.1/thumb/v6-m/crti.o
LOAD c:/program files (x86)/easily-tools/gcc/bin/../lib/gcc/arm-none-eabi/7.2.1/thumb/v6-m/crtbegin.o
LOAD c:/program files (x86)/easily-tools/gcc/bin/../lib/gcc/arm-none-eabi/7.2.1/../../../../arm-none-eabi/lib/thumb/v6-m/crt0.o
LOAD ./obj/emuart.o
LOAD ./obj/system_MKL36Z4.o
LOAD ./obj/systick.o
LOAD ./obj/main.o
LOAD ./obj/flash.o
LOAD ./obj/gpio.o
LOAD ./obj/wdog.o
LOAD ./obj/spi.o
LOAD ./obj/NumToStr.o
LOAD ./obj/gec.o
LOAD ./obj/uart.o
LOAD ./obj/lcd.o
LOAD ./obj/isr.o
LOAD ./obj/printf.o
LOAD ./obj/startup_MKL36Z4.o
LOAD c:/program files (x86)/easily-tools/gcc/bin/../lib/gcc/arm-none-eabi/7.2.1/../../../../arm-none-eabi/lib/thumb/v6-m\libstdc++_nano.a
LOAD c:/program files (x86)/easily-tools/gcc/bin/../lib/gcc/arm-none-eabi/7.2.1/../../../../arm-none-eabi/lib/thumb/v6-m\libm.a
START GROUP
LOAD c:/program files (x86)/easily-tools/gcc/bin/../lib/gcc/arm-none-eabi/7.2.1/thumb/v6-m\libgcc.a
LOAD c:/program files (x86)/easily-tools/gcc/bin/../lib/gcc/arm-none-eabi/7.2.1/../../../../arm-none-eabi/lib/thumb/v6-m\libg_nano.a
LOAD c:/program files (x86)/easily-tools/gcc/bin/../lib/gcc/arm-none-eabi/7.2.1/../../../../arm-none-eabi/lib/thumb/v6-m\libc_nano.a
END GROUP
START GROUP
LOAD c:/program files (x86)/easily-tools/gcc/bin/../lib/gcc/arm-none-eabi/7.2.1/thumb/v6-m\libgcc.a
LOAD c:/program files (x86)/easily-tools/gcc/bin/../lib/gcc/arm-none-eabi/7.2.1/../../../../arm-none-eabi/lib/thumb/v6-m\libc_nano.a
LOAD c:/program files (x86)/easily-tools/gcc/bin/../lib/gcc/arm-none-eabi/7.2.1/../../../../arm-none-eabi/lib/thumb/v6-m\libnosys.a
END GROUP
START GROUP
LOAD c:/program files (x86)/easily-tools/gcc/bin/../lib/gcc/arm-none-eabi/7.2.1/thumb/v6-m\libgcc.a
LOAD c:/program files (x86)/easily-tools/gcc/bin/../lib/gcc/arm-none-eabi/7.2.1/../../../../arm-none-eabi/lib/thumb/v6-m\libc_nano.a
LOAD c:/program files (x86)/easily-tools/gcc/bin/../lib/gcc/arm-none-eabi/7.2.1/../../../../arm-none-eabi/lib/thumb/v6-m\libnosys.a
END GROUP
LOAD c:/program files (x86)/easily-tools/gcc/bin/../lib/gcc/arm-none-eabi/7.2.1/thumb/v6-m/crtend.o
LOAD c:/program files (x86)/easily-tools/gcc/bin/../lib/gcc/arm-none-eabi/7.2.1/thumb/v6-m/crtn.o
                0x00000200                HEAP_SIZE = DEFINED (__heap_size__)?__heap_size__:0x200
                0x00000100                STACK_SIZE = DEFINED (__stack_size__)?__stack_size__:0x100
                0x00000400                SECTOR_SIZE = 0x400
                0x0000001a                SECTOR_START = 0x1a
                0x0000003f                SECTOR_END = 0x3f
                0x20000400                RAM_START = 0x20000400
                0x20001800                RAM_END = 0x20001800

.interrupts     0x00006800       0xc0
                0x00006800                __VECTOR_TABLE = .
                0x00006800                . = ALIGN (0x4)
 *(.isr_vector)
 .isr_vector    0x00006800       0xc0 ./obj/startup_MKL36Z4.o
                0x00006800                __isr_vector
                0x000068c0                . = ALIGN (0x4)

.flash_config   0x00006c00       0x10
                0x00006c00                . = ALIGN (0x4)
 *(.FlashConfig)
 .FlashConfig   0x00006c00       0x10 ./obj/startup_MKL36Z4.o
                0x00006c10                . = ALIGN (0x4)

.text           0x00006c10     0x5390
                0x00006c10                . = ALIGN (0x4)
 *(.text)
 .text          0x00006c10       0x48 c:/program files (x86)/easily-tools/gcc/bin/../lib/gcc/arm-none-eabi/7.2.1/thumb/v6-m/crtbegin.o
 .text          0x00006c58       0x50 ./obj/startup_MKL36Z4.o
                0x00006c58                Reset_Handler
                0x00006ca0                HardFault_Handler
                0x00006ca0                PendSV_Handler
                0x00006ca0                NMI_Handler
                0x00006ca0                PORTC_PORTD_IRQHandler
                0x00006ca0                I2C1_IRQHandler
                0x00006ca0                UART1_IRQHandler
                0x00006ca0                DMA2_IRQHandler
                0x00006ca0                TPM0_IRQHandler
                0x00006ca0                I2S0_IRQHandler
                0x00006ca0                LLWU_IRQHandler
                0x00006ca0                TSI0_IRQHandler
                0x00006ca0                ADC0_IRQHandler
                0x00006ca0                SPI1_IRQHandler
                0x00006ca0                DefaultISR
                0x00006ca0                TPM2_IRQHandler
                0x00006ca0                RTC_IRQHandler
                0x00006ca0                I2C0_IRQHandler
                0x00006ca0                LCD_IRQHandler
                0x00006ca0                RTC_Seconds_IRQHandler
                0x00006ca0                MCG_IRQHandler
                0x00006ca0                UART2_IRQHandler
                0x00006ca0                Reserved20_IRQHandler
                0x00006ca0                PIT_IRQHandler
                0x00006ca0                SVC_Handler
                0x00006ca0                DMA3_IRQHandler
                0x00006ca0                DMA0_IRQHandler
                0x00006ca0                DAC0_IRQHandler
                0x00006ca0                TPM1_IRQHandler
                0x00006ca0                LVD_LVW_IRQHandler
                0x00006ca0                SPI0_IRQHandler
                0x00006ca0                PORTA_IRQHandler
                0x00006ca0                FTFA_IRQHandler
                0x00006ca0                Reserved40_IRQHandler
                0x00006ca0                LPTMR0_IRQHandler
                0x00006ca0                CMP0_IRQHandler
                0x00006ca0                DMA1_IRQHandler
 .text          0x00006ca8      0x114 c:/program files (x86)/easily-tools/gcc/bin/../lib/gcc/arm-none-eabi/7.2.1/thumb/v6-m\libgcc.a(_udivsi3.o)
                0x00006ca8                __aeabi_uidiv
                0x00006ca8                __udivsi3
                0x00006db4                __aeabi_uidivmod
 .text          0x00006dbc      0x1d4 c:/program files (x86)/easily-tools/gcc/bin/../lib/gcc/arm-none-eabi/7.2.1/thumb/v6-m\libgcc.a(_divsi3.o)
                0x00006dbc                __divsi3
                0x00006dbc                __aeabi_idiv
                0x00006f88                __aeabi_idivmod
 .text          0x00006f90        0x4 c:/program files (x86)/easily-tools/gcc/bin/../lib/gcc/arm-none-eabi/7.2.1/thumb/v6-m\libgcc.a(_dvmd_tls.o)
                0x00006f90                __aeabi_idiv0
                0x00006f90                __aeabi_ldiv0
 .text          0x00006f94       0x7c c:/program files (x86)/easily-tools/gcc/bin/../lib/gcc/arm-none-eabi/7.2.1/thumb/v6-m\libgcc.a(_arm_cmpdf2.o)
                0x00006f94                __aeabi_cdrcmple
                0x00006fa4                __aeabi_cdcmple
                0x00006fa4                __aeabi_cdcmpeq
                0x00006fb4                __aeabi_dcmpeq
                0x00006fc0                __aeabi_dcmplt
                0x00006fd4                __aeabi_dcmple
                0x00006fe8                __aeabi_dcmpgt
                0x00006ffc                __aeabi_dcmpge
 .text          0x00007010       0x40 c:/program files (x86)/easily-tools/gcc/bin/../lib/gcc/arm-none-eabi/7.2.1/thumb/v6-m\libgcc.a(_aeabi_uldivmod.o)
                0x00007010                __aeabi_uldivmod
 .text          0x00007050       0x3c c:/program files (x86)/easily-tools/gcc/bin/../lib/gcc/arm-none-eabi/7.2.1/thumb/v6-m\libgcc.a(_fixunsdfsi.o)
                0x00007050                __aeabi_d2uiz
                0x00007050                __fixunsdfsi
 .text          0x0000708c       0x3c c:/program files (x86)/easily-tools/gcc/bin/../lib/gcc/arm-none-eabi/7.2.1/thumb/v6-m\libgcc.a(_fixunsdfdi.o)
                0x0000708c                __fixunsdfdi
                0x0000708c                __aeabi_d2ulz
 .text          0x000070c8      0x184 c:/program files (x86)/easily-tools/gcc/bin/../lib/gcc/arm-none-eabi/7.2.1/thumb/v6-m\libgcc.a(_udivmoddi4.o)
                0x000070c8                __udivmoddi4
 .text          0x0000724c       0x78 c:/program files (x86)/easily-tools/gcc/bin/../lib/gcc/arm-none-eabi/7.2.1/thumb/v6-m\libgcc.a(eqdf2.o)
                0x0000724c                __nedf2
                0x0000724c                __eqdf2
 .text          0x000072c4       0xc8 c:/program files (x86)/easily-tools/gcc/bin/../lib/gcc/arm-none-eabi/7.2.1/thumb/v6-m\libgcc.a(gedf2.o)
                0x000072c4                __gedf2
                0x000072c4                __gtdf2
 .text          0x0000738c       0xd0 c:/program files (x86)/easily-tools/gcc/bin/../lib/gcc/arm-none-eabi/7.2.1/thumb/v6-m\libgcc.a(ledf2.o)
                0x0000738c                __ledf2
                0x0000738c                __ltdf2
 .text          0x0000745c      0x4e4 c:/program files (x86)/easily-tools/gcc/bin/../lib/gcc/arm-none-eabi/7.2.1/thumb/v6-m\libgcc.a(muldf3.o)
                0x0000745c                __aeabi_dmul
 .text          0x00007940      0x690 c:/program files (x86)/easily-tools/gcc/bin/../lib/gcc/arm-none-eabi/7.2.1/thumb/v6-m\libgcc.a(subdf3.o)
                0x00007940                __aeabi_dsub
 .text          0x00007fd0       0x6c c:/program files (x86)/easily-tools/gcc/bin/../lib/gcc/arm-none-eabi/7.2.1/thumb/v6-m\libgcc.a(fixdfsi.o)
                0x00007fd0                __aeabi_d2iz
 .text          0x0000803c       0x64 c:/program files (x86)/easily-tools/gcc/bin/../lib/gcc/arm-none-eabi/7.2.1/thumb/v6-m\libgcc.a(floatunsidf.o)
                0x0000803c                __aeabi_ui2d
 .text          0x000080a0       0x3c c:/program files (x86)/easily-tools/gcc/bin/../lib/gcc/arm-none-eabi/7.2.1/thumb/v6-m\libgcc.a(_clzsi2.o)
                0x000080a0                __clzsi2
 .text          0x000080dc       0x18 c:/program files (x86)/easily-tools/gcc/bin/../lib/gcc/arm-none-eabi/7.2.1/thumb/v6-m\libgcc.a(_clzdi2.o)
                0x000080dc                __clzdi2
 .text          0x000080f4       0x14 c:/program files (x86)/easily-tools/gcc/bin/../lib/gcc/arm-none-eabi/7.2.1/../../../../arm-none-eabi/lib/thumb/v6-m\libg_nano.a(lib_a-strcmp.o)
                0x000080f4                strcmp
 .text          0x00008108        0xe c:/program files (x86)/easily-tools/gcc/bin/../lib/gcc/arm-none-eabi/7.2.1/../../../../arm-none-eabi/lib/thumb/v6-m\libg_nano.a(lib_a-strlen.o)
                0x00008108                strlen
 *(.text*)
 .text.emuart_send_string
                0x00008116       0x44 ./obj/emuart.o
                0x00008116                emuart_send_string
 *fill*         0x0000815a        0x2 
 .text.emuart_recv
                0x0000815c      0x1f4 ./obj/emuart.o
                0x0000815c                emuart_recv
 .text.sendFrame
                0x00008350       0xe4 ./obj/emuart.o
                0x00008350                sendFrame
 .text.crc16    0x00008434       0xb8 ./obj/emuart.o
                0x00008434                crc16
 .text.SystemInit
                0x000084ec      0x118 ./obj/system_MKL36Z4.o
                0x000084ec                SystemInit
 .text.NVIC_SetPriority
                0x00008604       0xec ./obj/systick.o
 .text.systick_init
                0x000086f0       0x70 ./obj/systick.o
                0x000086f0                systick_init
 .text.main     0x00008760      0x67c ./obj/main.o
                0x00008760                main
 .text.gpio_init
                0x00008ddc       0xf8 ./obj/gpio.o
                0x00008ddc                gpio_init
 .text.gpio_set
                0x00008ed4       0x7c ./obj/gpio.o
                0x00008ed4                gpio_set
 .text.gpio_get_port_pin
                0x00008f50       0x30 ./obj/gpio.o
                0x00008f50                gpio_get_port_pin
 .text.wdog_stop
                0x00008f80       0x20 ./obj/wdog.o
                0x00008f80                wdog_stop
 .text.wdog_feed
                0x00008fa0       0x1c ./obj/wdog.o
                0x00008fa0                wdog_feed
 .text.spi_init
                0x00008fbc      0x3e0 ./obj/spi.o
                0x00008fbc                spi_init
 .text.spi_send1
                0x0000939c       0x74 ./obj/spi.o
                0x0000939c                spi_send1
 .text.BIOS_API_Init
                0x00009410       0xec ./obj/gec.o
                0x00009410                BIOS_API_Init
 .text.NVIC_EnableIRQ
                0x000094fc       0x2c ./obj/uart.o
 .text.uart_init
                0x00009528      0x2ac ./obj/uart.o
                0x00009528                uart_init
 .text.uart_send1
                0x000097d4       0xac ./obj/uart.o
                0x000097d4                uart_send1
 .text.uart_sendN
                0x00009880       0x8a ./obj/uart.o
                0x00009880                uart_sendN
 .text.uart_send_string
                0x0000990a       0x80 ./obj/uart.o
                0x0000990a                uart_send_string
 *fill*         0x0000998a        0x2 
 .text.uart_re1
                0x0000998c       0xc8 ./obj/uart.o
                0x0000998c                uart_re1
 .text.uart_enable_re_int
                0x00009a54       0x80 ./obj/uart.o
                0x00009a54                uart_enable_re_int
 .text.uart_is_uartNo
                0x00009ad4       0x12 ./obj/uart.o
                0x00009ad4                uart_is_uartNo
 *fill*         0x00009ae6        0x2 
 .text.LCD_Init
                0x00009ae8       0xf4 ./obj/lcd.o
                0x00009ae8                LCD_Init
 .text.LCD_Clear
                0x00009bdc       0x6c ./obj/lcd.o
                0x00009bdc                LCD_Clear
 .text.LCD_DrawPoint
                0x00009c48       0x4c ./obj/lcd.o
                0x00009c48                LCD_DrawPoint
 .text.LCD_DrawCircle
                0x00009c94      0x1ec ./obj/lcd.o
                0x00009c94                LCD_DrawCircle
 .text.LCD_ShowCharactor
                0x00009e80       0xce ./obj/lcd.o
                0x00009e80                LCD_ShowCharactor
 *fill*         0x00009f4e        0x2 
 .text.LCD_ShowString
                0x00009f50      0x248 ./obj/lcd.o
                0x00009f50                LCD_ShowString
 .text.LCD_aotu
                0x0000a198      0x288 ./obj/lcd.o
                0x0000a198                LCD_aotu
 .text.LCD_DrawLine
                0x0000a420      0x132 ./obj/lcd.o
                0x0000a420                LCD_DrawLine
 .text.LCD_DrawSurface
                0x0000a552       0x9e ./obj/lcd.o
                0x0000a552                LCD_DrawSurface
 .text.LCD_WR_DATA8
                0x0000a5f0       0x4c ./obj/lcd.o
                0x0000a5f0                LCD_WR_DATA8
 .text.LCD_WR_DATA
                0x0000a63c       0x60 ./obj/lcd.o
                0x0000a63c                LCD_WR_DATA
 .text.LCD_WR_REG
                0x0000a69c       0x4c ./obj/lcd.o
                0x0000a69c                LCD_WR_REG
 .text.LCD_WR_REG_DATA
                0x0000a6e8       0x2e ./obj/lcd.o
                0x0000a6e8                LCD_WR_REG_DATA
 .text.Address_set
                0x0000a716       0xb8 ./obj/lcd.o
                0x0000a716                Address_set
 *fill*         0x0000a7ce        0x2 
 .text.UART0_IRQHandler
                0x0000a7d0      0x144 ./obj/isr.o
                0x0000a7d0                UART0_IRQHandler
 .text.SysTick_Handler
                0x0000a914       0x34 ./obj/isr.o
                0x0000a914                SysTick_Handler
 .text.SecAdd1  0x0000a948       0x68 ./obj/isr.o
                0x0000a948                SecAdd1
 .text.out_char
                0x0000a9b0       0x20 ./obj/printf.o
                0x0000a9b0                out_char
 .text.printk_putc
                0x0000a9d0       0x4c ./obj/printf.o
 .text.printk_mkfloatstr
                0x0000aa1c      0x27c ./obj/printf.o
                0x0000aa1c                printk_mkfloatstr
 .text.printk_mknumstr
                0x0000ac98       0xf8 ./obj/printf.o
 .text.printk_pad_zero
                0x0000ad90       0x32 ./obj/printf.o
 .text.printk_pad_space
                0x0000adc2       0x32 ./obj/printf.o
 .text.printk   0x0000adf4      0x74c ./obj/printf.o
                0x0000adf4                printk
 .text.myprintf
                0x0000b540       0x3c ./obj/printf.o
                0x0000b540                myprintf
 .text.memset   0x0000b57c       0x10 c:/program files (x86)/easily-tools/gcc/bin/../lib/gcc/arm-none-eabi/7.2.1/../../../../arm-none-eabi/lib/thumb/v6-m\libg_nano.a(lib_a-memset.o)
                0x0000b57c                memset
 .text.strncmp  0x0000b58c       0x22 c:/program files (x86)/easily-tools/gcc/bin/../lib/gcc/arm-none-eabi/7.2.1/../../../../arm-none-eabi/lib/thumb/v6-m\libg_nano.a(lib_a-strncmp.o)
                0x0000b58c                strncmp
 *(.rodata)
 *fill*         0x0000b5ae        0x2 
 .rodata        0x0000b5b0       0x2f ./obj/emuart.o
 *fill*         0x0000b5df        0x1 
 .rodata        0x0000b5e0      0x11f ./obj/main.o
 *fill*         0x0000b6ff        0x1 
 .rodata        0x0000b700       0x26 ./obj/gec.o
 *fill*         0x0000b726        0x2 
 .rodata        0x0000b728       0x5a ./obj/isr.o
 *fill*         0x0000b782        0x2 
 .rodata        0x0000b784       0x40 c:/program files (x86)/easily-tools/gcc/bin/../lib/gcc/arm-none-eabi/7.2.1/thumb/v6-m\libgcc.a(muldf3.o)
 *(.rodata*)
 .rodata.PORT_ARR
                0x0000b7c4       0x14 ./obj/gpio.o
                0x0000b7c4                PORT_ARR
 .rodata.GPIO_ARR
                0x0000b7d8       0x14 ./obj/gpio.o
                0x0000b7d8                GPIO_ARR
 .rodata.UART_ARR
                0x0000b7ec        0x8 ./obj/uart.o
                0x0000b7ec                UART_ARR
 .rodata.nAsciiDot
                0x0000b7f4      0x600 ./obj/lcd.o
 .rodata.GB_16  0x0000bdf4       0xcc ./obj/lcd.o
 .rodata.printk
                0x0000bec0       0xc8 ./obj/printf.o
 *(.glue_7)
 .glue_7        0x0000bf88        0x0 linker stubs
 *(.glue_7t)
 .glue_7t       0x0000bf88        0x0 linker stubs
 *(.eh_frame)
 .eh_frame      0x0000bf88        0x0 c:/program files (x86)/easily-tools/gcc/bin/../lib/gcc/arm-none-eabi/7.2.1/thumb/v6-m/crtbegin.o
 *(.init)
 .init          0x0000bf88        0x4 c:/program files (x86)/easily-tools/gcc/bin/../lib/gcc/arm-none-eabi/7.2.1/thumb/v6-m/crti.o
                0x0000bf88                _init
 .init          0x0000bf8c        0x8 c:/program files (x86)/easily-tools/gcc/bin/../lib/gcc/arm-none-eabi/7.2.1/thumb/v6-m/crtn.o
 *(.fini)
 .fini          0x0000bf94        0x4 c:/program files (x86)/easily-tools/gcc/bin/../lib/gcc/arm-none-eabi/7.2.1/thumb/v6-m/crti.o
                0x0000bf94                _fini
 .fini          0x0000bf98        0x8 c:/program files (x86)/easily-tools/gcc/bin/../lib/gcc/arm-none-eabi/7.2.1/thumb/v6-m/crtn.o
                0x0000bfa0                . = ALIGN (0x4)

.vfp11_veneer   0x0000bfa0        0x0
 .vfp11_veneer  0x0000bfa0        0x0 linker stubs

.v4_bx          0x0000bfa0        0x0
 .v4_bx         0x0000bfa0        0x0 linker stubs

.iplt           0x0000bfa0        0x0
 .iplt          0x0000bfa0        0x0 c:/program files (x86)/easily-tools/gcc/bin/../lib/gcc/arm-none-eabi/7.2.1/thumb/v6-m/crtbegin.o

.ARM.extab
 *(.ARM.extab* .gnu.linkonce.armextab.*)

.ARM            0x0000bfa0        0x8
                0x0000bfa0                __exidx_start = .
 *(.ARM.exidx*)
 .ARM.exidx     0x0000bfa0        0x8 c:/program files (x86)/easily-tools/gcc/bin/../lib/gcc/arm-none-eabi/7.2.1/thumb/v6-m\libgcc.a(_udivmoddi4.o)
                0x0000bfa8                __exidx_end = .

.rel.dyn        0x0000bfa8        0x0
 .rel.iplt      0x0000bfa8        0x0 c:/program files (x86)/easily-tools/gcc/bin/../lib/gcc/arm-none-eabi/7.2.1/thumb/v6-m/crtbegin.o

.ctors          0x0000bfa8        0x0
                0x0000bfa8                __CTOR_LIST__ = .
 *crtbegin.o(.ctors)
 *crtbegin?.o(.ctors)
 *(EXCLUDE_FILE(*crtend.o *crtend?.o) .ctors)
 *(SORT_BY_NAME(.ctors.*))
 *(.ctors)
                0x0000bfa8                __CTOR_END__ = .

.dtors          0x0000bfa8        0x0
                0x0000bfa8                __DTOR_LIST__ = .
 *crtbegin.o(.dtors)
 *crtbegin?.o(.dtors)
 *(EXCLUDE_FILE(*crtend.o *crtend?.o) .dtors)
 *(SORT_BY_NAME(.dtors.*))
 *(.dtors)
                0x0000bfa8                __DTOR_END__ = .

.preinit_array  0x0000bfa8        0x0
                0x0000bfa8                PROVIDE (__preinit_array_start, .)
 *(.preinit_array*)
                0x0000bfa8                PROVIDE (__preinit_array_end, .)

.init_array     0x0000bfa8        0x4
                0x0000bfa8                PROVIDE (__init_array_start, .)
 *(SORT_BY_NAME(.init_array.*))
 *(.init_array*)
 .init_array    0x0000bfa8        0x4 c:/program files (x86)/easily-tools/gcc/bin/../lib/gcc/arm-none-eabi/7.2.1/thumb/v6-m/crtbegin.o
                0x0000bfac                PROVIDE (__init_array_end, .)

.fini_array     0x0000bfac        0x4
                [!provide]                PROVIDE (__fini_array_start, .)
 *(SORT_BY_NAME(.fini_array.*))
 *(.fini_array*)
 .fini_array    0x0000bfac        0x4 c:/program files (x86)/easily-tools/gcc/bin/../lib/gcc/arm-none-eabi/7.2.1/thumb/v6-m/crtbegin.o
                [!provide]                PROVIDE (__fini_array_end, .)
                0x0000bfb0                __etext = .
                0x0000bfb0                __DATA_ROM = .

.mac_config     0x0000fc00        0x0
                0x0000fc00                . = ALIGN (0x4)
 *(.MacConfig)
                0x0000fc00                . = ALIGN (0x4)

.mtb            0x20000400        0x0
                0x20000400                . = ALIGN (0x8)
                0x20000400                _mtb_start = .
 *(.mtb_buf)
                0x20000400                . = ALIGN (0x8)
                0x20000400                _mtb_end = .

.data           0x20000400       0x10 load address 0x0000bfb0
                0x20000400                . = ALIGN (0x4)
                0x20000400                __DATA_RAM = .
                0x20000400                __data_start__ = .
 *(.data)
 *(.data*)
 .data.emuartFrameHead
                0x20000400        0x2 ./obj/emuart.o
 *fill*         0x20000402        0x2 
 .data.emuartFrameTail
                0x20000404        0x2 ./obj/emuart.o
 .data.UART_NO  0x20000406        0x1 ./obj/emuart.o
 *fill*         0x20000407        0x1 
 .data.SystemCoreClock
                0x20000408        0x4 ./obj/system_MKL36Z4.o
                0x20000408                SystemCoreClock
 .data.table_irq_uart
                0x2000040c        0x3 ./obj/uart.o
                0x2000040c                table_irq_uart
 *(.jcr*)
                0x20000410                . = ALIGN (0x4)
 *fill*         0x2000040f        0x1 
                0x20000410                __data_end__ = .
                0x0000bfc0                __DATA_END = (__DATA_ROM + (__data_end__ - __data_start__))

.igot.plt       0x20000410        0x0 load address 0x0000bfc0
 .igot.plt      0x20000410        0x0 c:/program files (x86)/easily-tools/gcc/bin/../lib/gcc/arm-none-eabi/7.2.1/thumb/v6-m/crtbegin.o

.bss            0x20000410      0x430 load address 0x0000bfc0
                0x20000410                . = ALIGN (0x4)
                0x20000410                __START_BSS = .
                0x20000410                __bss_start__ = .
 *(.bss)
 .bss           0x20000410       0x1c c:/program files (x86)/easily-tools/gcc/bin/../lib/gcc/arm-none-eabi/7.2.1/thumb/v6-m/crtbegin.o
 *(.bss*)
 .bss.index.5051
                0x2000042c        0x2 ./obj/emuart.o
 .bss.length.5052
                0x2000042e        0x2 ./obj/emuart.o
 .bss.SysTickCount.5184
                0x20000430        0x1 ./obj/isr.o
 *(COMMON)
 *fill*         0x20000431        0x3 
 COMMON         0x20000434        0x4 ./obj/emuart.o
                0x20000434                component_fun
 COMMON         0x20000438      0x408 ./obj/main.o
                0x20000438                gchflag
                0x2000043c                gTime
                0x2000043f                gcRecvLen
                0x20000440                gcRecvBuf
                0x20000840                . = ALIGN (0x4)
                0x20000840                __bss_end__ = .
                0x20000840                __END_BSS = .

.heap           0x20000840      0x200 load address 0x0000c3f0
                0x20000840                . = ALIGN (0x8)
                0x20000840                __end__ = .
                [!provide]                PROVIDE (end, .)
                0x20000840                __HeapBase = .
                0x20000a40                . = (. + HEAP_SIZE)
 *fill*         0x20000840      0x200 
                0x20000a40                __HeapLimit = .

.stack          0x20000a40      0x100 load address 0x0000c5f0
                0x20000a40                . = ALIGN (0x8)
                0x20000b40                . = (. + STACK_SIZE)
 *fill*         0x20000a40      0x100 
                0x20001800                __StackTop = (ORIGIN (m_data) + LENGTH (m_data))
                0x20001700                __StackLimit = (__StackTop - STACK_SIZE)
                0x20001800                PROVIDE (__stack, __StackTop)

.ARM.attributes
                0x00000000       0x28
 *(.ARM.attributes)
 .ARM.attributes
                0x00000000       0x1e c:/program files (x86)/easily-tools/gcc/bin/../lib/gcc/arm-none-eabi/7.2.1/thumb/v6-m/crti.o
 .ARM.attributes
                0x0000001e       0x2c c:/program files (x86)/easily-tools/gcc/bin/../lib/gcc/arm-none-eabi/7.2.1/thumb/v6-m/crtbegin.o
 .ARM.attributes
                0x0000004a       0x32 ./obj/emuart.o
 .ARM.attributes
                0x0000007c       0x32 ./obj/system_MKL36Z4.o
 .ARM.attributes
                0x000000ae       0x32 ./obj/systick.o
 .ARM.attributes
                0x000000e0       0x32 ./obj/main.o
 .ARM.attributes
                0x00000112       0x32 ./obj/gpio.o
 .ARM.attributes
                0x00000144       0x32 ./obj/wdog.o
 .ARM.attributes
                0x00000176       0x32 ./obj/spi.o
 .ARM.attributes
                0x000001a8       0x32 ./obj/gec.o
 .ARM.attributes
                0x000001da       0x32 ./obj/uart.o
 .ARM.attributes
                0x0000020c       0x32 ./obj/lcd.o
 .ARM.attributes
                0x0000023e       0x32 ./obj/isr.o
 .ARM.attributes
                0x00000270       0x32 ./obj/printf.o
 .ARM.attributes
                0x000002a2       0x1b ./obj/startup_MKL36Z4.o
 .ARM.attributes
                0x000002bd       0x1e c:/program files (x86)/easily-tools/gcc/bin/../lib/gcc/arm-none-eabi/7.2.1/thumb/v6-m\libgcc.a(_udivsi3.o)
 .ARM.attributes
                0x000002db       0x1e c:/program files (x86)/easily-tools/gcc/bin/../lib/gcc/arm-none-eabi/7.2.1/thumb/v6-m\libgcc.a(_divsi3.o)
 .ARM.attributes
                0x000002f9       0x1e c:/program files (x86)/easily-tools/gcc/bin/../lib/gcc/arm-none-eabi/7.2.1/thumb/v6-m\libgcc.a(_dvmd_tls.o)
 .ARM.attributes
                0x00000317       0x1e c:/program files (x86)/easily-tools/gcc/bin/../lib/gcc/arm-none-eabi/7.2.1/thumb/v6-m\libgcc.a(_arm_cmpdf2.o)
 .ARM.attributes
                0x00000335       0x1e c:/program files (x86)/easily-tools/gcc/bin/../lib/gcc/arm-none-eabi/7.2.1/thumb/v6-m\libgcc.a(_aeabi_uldivmod.o)
 .ARM.attributes
                0x00000353       0x2c c:/program files (x86)/easily-tools/gcc/bin/../lib/gcc/arm-none-eabi/7.2.1/thumb/v6-m\libgcc.a(_fixunsdfsi.o)
 .ARM.attributes
                0x0000037f       0x2c c:/program files (x86)/easily-tools/gcc/bin/../lib/gcc/arm-none-eabi/7.2.1/thumb/v6-m\libgcc.a(_fixunsdfdi.o)
 .ARM.attributes
                0x000003ab       0x2c c:/program files (x86)/easily-tools/gcc/bin/../lib/gcc/arm-none-eabi/7.2.1/thumb/v6-m\libgcc.a(_udivmoddi4.o)
 .ARM.attributes
                0x000003d7       0x2c c:/program files (x86)/easily-tools/gcc/bin/../lib/gcc/arm-none-eabi/7.2.1/thumb/v6-m\libgcc.a(eqdf2.o)
 .ARM.attributes
                0x00000403       0x2c c:/program files (x86)/easily-tools/gcc/bin/../lib/gcc/arm-none-eabi/7.2.1/thumb/v6-m\libgcc.a(gedf2.o)
 .ARM.attributes
                0x0000042f       0x2c c:/program files (x86)/easily-tools/gcc/bin/../lib/gcc/arm-none-eabi/7.2.1/thumb/v6-m\libgcc.a(ledf2.o)
 .ARM.attributes
                0x0000045b       0x2c c:/program files (x86)/easily-tools/gcc/bin/../lib/gcc/arm-none-eabi/7.2.1/thumb/v6-m\libgcc.a(muldf3.o)
 .ARM.attributes
                0x00000487       0x2c c:/program files (x86)/easily-tools/gcc/bin/../lib/gcc/arm-none-eabi/7.2.1/thumb/v6-m\libgcc.a(subdf3.o)
 .ARM.attributes
                0x000004b3       0x2c c:/program files (x86)/easily-tools/gcc/bin/../lib/gcc/arm-none-eabi/7.2.1/thumb/v6-m\libgcc.a(fixdfsi.o)
 .ARM.attributes
                0x000004df       0x2c c:/program files (x86)/easily-tools/gcc/bin/../lib/gcc/arm-none-eabi/7.2.1/thumb/v6-m\libgcc.a(floatunsidf.o)
 .ARM.attributes
                0x0000050b       0x1e c:/program files (x86)/easily-tools/gcc/bin/../lib/gcc/arm-none-eabi/7.2.1/thumb/v6-m\libgcc.a(_clzsi2.o)
 .ARM.attributes
                0x00000529       0x1e c:/program files (x86)/easily-tools/gcc/bin/../lib/gcc/arm-none-eabi/7.2.1/thumb/v6-m\libgcc.a(_clzdi2.o)
 .ARM.attributes
                0x00000547       0x2c c:/program files (x86)/easily-tools/gcc/bin/../lib/gcc/arm-none-eabi/7.2.1/../../../../arm-none-eabi/lib/thumb/v6-m\libg_nano.a(lib_a-memset.o)
 .ARM.attributes
                0x00000573       0x1c c:/program files (x86)/easily-tools/gcc/bin/../lib/gcc/arm-none-eabi/7.2.1/../../../../arm-none-eabi/lib/thumb/v6-m\libg_nano.a(lib_a-strcmp.o)
 .ARM.attributes
                0x0000058f       0x1c c:/program files (x86)/easily-tools/gcc/bin/../lib/gcc/arm-none-eabi/7.2.1/../../../../arm-none-eabi/lib/thumb/v6-m\libg_nano.a(lib_a-strlen.o)
 .ARM.attributes
                0x000005ab       0x2c c:/program files (x86)/easily-tools/gcc/bin/../lib/gcc/arm-none-eabi/7.2.1/../../../../arm-none-eabi/lib/thumb/v6-m\libg_nano.a(lib_a-strncmp.o)
 .ARM.attributes
                0x000005d7       0x1e c:/program files (x86)/easily-tools/gcc/bin/../lib/gcc/arm-none-eabi/7.2.1/thumb/v6-m/crtn.o
                0x00000001                ASSERT ((__StackLimit >= __HeapLimit), region m_data overflowed with stack and heap)
OUTPUT(KL36_Demo_Sys.elf elf32-littlearm)

.debug_info     0x00000000     0x80bb
 .debug_info    0x00000000      0xb6d ./obj/emuart.o
 .debug_info    0x00000b6d      0x402 ./obj/system_MKL36Z4.o
 .debug_info    0x00000f6f      0x402 ./obj/systick.o
 .debug_info    0x00001371      0xa68 ./obj/main.o
 .debug_info    0x00001dd9     0x1096 ./obj/gpio.o
 .debug_info    0x00002e6f      0x2eb ./obj/wdog.o
 .debug_info    0x0000315a      0x846 ./obj/spi.o
 .debug_info    0x000039a0      0x9c9 ./obj/gec.o
 .debug_info    0x00004369     0x12d1 ./obj/uart.o
 .debug_info    0x0000563a     0x1102 ./obj/lcd.o
 .debug_info    0x0000673c      0xabf ./obj/isr.o
 .debug_info    0x000071fb      0xe9a ./obj/printf.o
 .debug_info    0x00008095       0x26 ./obj/startup_MKL36Z4.o

.debug_abbrev   0x00000000     0x1a3f
 .debug_abbrev  0x00000000      0x272 ./obj/emuart.o
 .debug_abbrev  0x00000272       0xed ./obj/system_MKL36Z4.o
 .debug_abbrev  0x0000035f      0x162 ./obj/systick.o
 .debug_abbrev  0x000004c1      0x213 ./obj/main.o
 .debug_abbrev  0x000006d4      0x30a ./obj/gpio.o
 .debug_abbrev  0x000009de      0x122 ./obj/wdog.o
 .debug_abbrev  0x00000b00      0x1e6 ./obj/spi.o
 .debug_abbrev  0x00000ce6      0x1e7 ./obj/gec.o
 .debug_abbrev  0x00000ecd      0x358 ./obj/uart.o
 .debug_abbrev  0x00001225      0x2bd ./obj/lcd.o
 .debug_abbrev  0x000014e2      0x279 ./obj/isr.o
 .debug_abbrev  0x0000175b      0x2d0 ./obj/printf.o
 .debug_abbrev  0x00001a2b       0x14 ./obj/startup_MKL36Z4.o

.debug_aranges  0x00000000      0x3d0
 .debug_aranges
                0x00000000       0x50 ./obj/emuart.o
 .debug_aranges
                0x00000050       0x20 ./obj/system_MKL36Z4.o
 .debug_aranges
                0x00000070       0x28 ./obj/systick.o
 .debug_aranges
                0x00000098       0x20 ./obj/main.o
 .debug_aranges
                0x000000b8       0x88 ./obj/gpio.o
 .debug_aranges
                0x00000140       0x30 ./obj/wdog.o
 .debug_aranges
                0x00000170       0x60 ./obj/spi.o
 .debug_aranges
                0x000001d0       0x20 ./obj/gec.o
 .debug_aranges
                0x000001f0       0x80 ./obj/uart.o
 .debug_aranges
                0x00000270       0xb8 ./obj/lcd.o
 .debug_aranges
                0x00000328       0x30 ./obj/isr.o
 .debug_aranges
                0x00000358       0x58 ./obj/printf.o
 .debug_aranges
                0x000003b0       0x20 ./obj/startup_MKL36Z4.o

.debug_ranges   0x00000000      0x2f0
 .debug_ranges  0x00000000       0x40 ./obj/emuart.o
 .debug_ranges  0x00000040       0x10 ./obj/system_MKL36Z4.o
 .debug_ranges  0x00000050       0x18 ./obj/systick.o
 .debug_ranges  0x00000068       0x10 ./obj/main.o
 .debug_ranges  0x00000078       0x78 ./obj/gpio.o
 .debug_ranges  0x000000f0       0x20 ./obj/wdog.o
 .debug_ranges  0x00000110       0x50 ./obj/spi.o
 .debug_ranges  0x00000160       0x10 ./obj/gec.o
 .debug_ranges  0x00000170       0x70 ./obj/uart.o
 .debug_ranges  0x000001e0       0xa8 ./obj/lcd.o
 .debug_ranges  0x00000288       0x20 ./obj/isr.o
 .debug_ranges  0x000002a8       0x48 ./obj/printf.o

.debug_macro    0x00000000     0xfaf9
 .debug_macro   0x00000000      0x19b ./obj/emuart.o
 .debug_macro   0x0000019b      0xafc ./obj/emuart.o
 .debug_macro   0x00000c97       0x22 ./obj/emuart.o
 .debug_macro   0x00000cb9       0x52 ./obj/emuart.o
 .debug_macro   0x00000d0b       0x17 ./obj/emuart.o
 .debug_macro   0x00000d22       0x55 ./obj/emuart.o
 .debug_macro   0x00000d77       0x35 ./obj/emuart.o
 .debug_macro   0x00000dac       0x9c ./obj/emuart.o
 .debug_macro   0x00000e48      0x16d ./obj/emuart.o
 .debug_macro   0x00000fb5       0x57 ./obj/emuart.o
 .debug_macro   0x0000100c       0x58 ./obj/emuart.o
 .debug_macro   0x00001064       0x1f ./obj/emuart.o
 .debug_macro   0x00001083       0x43 ./obj/emuart.o
 .debug_macro   0x000010c6       0x20 ./obj/emuart.o
 .debug_macro   0x000010e6      0x18e ./obj/emuart.o
 .debug_macro   0x00001274      0x353 ./obj/emuart.o
 .debug_macro   0x000015c7       0x10 ./obj/emuart.o
 .debug_macro   0x000015d7       0x35 ./obj/emuart.o
 .debug_macro   0x0000160c       0x16 ./obj/emuart.o
 .debug_macro   0x00001622       0xef ./obj/emuart.o
 .debug_macro   0x00001711       0x6a ./obj/emuart.o
 .debug_macro   0x0000177b      0x1df ./obj/emuart.o
 .debug_macro   0x0000195a       0x39 ./obj/emuart.o
 .debug_macro   0x00001993       0x3a ./obj/emuart.o
 .debug_macro   0x000019cd       0x26 ./obj/emuart.o
 .debug_macro   0x000019f3      0x306 ./obj/emuart.o
 .debug_macro   0x00001cf9     0xc3a9 ./obj/emuart.o
 .debug_macro   0x0000e0a2       0x16 ./obj/emuart.o
 .debug_macro   0x0000e0b8       0xa0 ./obj/emuart.o
 .debug_macro   0x0000e158       0x2e ./obj/emuart.o
 .debug_macro   0x0000e186       0xa8 ./obj/system_MKL36Z4.o
 .debug_macro   0x0000e22e       0x4f ./obj/system_MKL36Z4.o
 .debug_macro   0x0000e27d       0x51 ./obj/system_MKL36Z4.o
 .debug_macro   0x0000e2ce       0x4b ./obj/system_MKL36Z4.o
 .debug_macro   0x0000e319       0xe5 ./obj/systick.o
 .debug_macro   0x0000e3fe      0x220 ./obj/main.o
 .debug_macro   0x0000e61e       0x58 ./obj/main.o
 .debug_macro   0x0000e676       0x52 ./obj/main.o
 .debug_macro   0x0000e6c8       0x34 ./obj/main.o
 .debug_macro   0x0000e6fc       0x56 ./obj/main.o
 .debug_macro   0x0000e752       0x22 ./obj/main.o
 .debug_macro   0x0000e774       0xa0 ./obj/main.o
 .debug_macro   0x0000e814       0x3a ./obj/main.o
 .debug_macro   0x0000e84e       0x16 ./obj/main.o
 .debug_macro   0x0000e864       0xd5 ./obj/main.o
 .debug_macro   0x0000e939      0x197 ./obj/gpio.o
 .debug_macro   0x0000ead0       0xea ./obj/wdog.o
 .debug_macro   0x0000ebba       0x1c ./obj/wdog.o
 .debug_macro   0x0000ebd6       0xf3 ./obj/spi.o
 .debug_macro   0x0000ecc9      0x1c7 ./obj/gec.o
 .debug_macro   0x0000ee90       0x9a ./obj/gec.o
 .debug_macro   0x0000ef2a      0x4b6 ./obj/gec.o
 .debug_macro   0x0000f3e0      0x197 ./obj/uart.o
 .debug_macro   0x0000f577      0x1c8 ./obj/lcd.o
 .debug_macro   0x0000f73f      0x21a ./obj/isr.o
 .debug_macro   0x0000f959      0x1a0 ./obj/printf.o

.debug_line     0x00000000     0x412c
 .debug_line    0x00000000      0x576 ./obj/emuart.o
 .debug_line    0x00000576      0x2ea ./obj/system_MKL36Z4.o
 .debug_line    0x00000860      0x3ab ./obj/systick.o
 .debug_line    0x00000c0b      0x6a5 ./obj/main.o
 .debug_line    0x000012b0      0x55e ./obj/gpio.o
 .debug_line    0x0000180e      0x3ab ./obj/wdog.o
 .debug_line    0x00001bb9      0x50e ./obj/spi.o
 .debug_line    0x000020c7      0x4e9 ./obj/gec.o
 .debug_line    0x000025b0      0x5f9 ./obj/uart.o
 .debug_line    0x00002ba9      0x865 ./obj/lcd.o
 .debug_line    0x0000340e      0x5fe ./obj/isr.o
 .debug_line    0x00003a0c      0x6b2 ./obj/printf.o
 .debug_line    0x000040be       0x6e ./obj/startup_MKL36Z4.o

.debug_str      0x00000000    0x4fe50
 .debug_str     0x00000000    0x4ddae ./obj/emuart.o
                              0x4e2b7 (size before relaxing)
 .debug_str     0x0004ddae      0x132 ./obj/system_MKL36Z4.o
                              0x4adfb (size before relaxing)
 .debug_str     0x0004dee0      0x292 ./obj/systick.o
                              0x4b382 (size before relaxing)
 .debug_str     0x0004e172      0xac4 ./obj/main.o
                              0x4ec8f (size before relaxing)
 .debug_str     0x0004ec36      0x178 ./obj/gpio.o
                              0x4e5e5 (size before relaxing)
 .debug_str     0x0004edae       0x33 ./obj/wdog.o
                              0x4b21b (size before relaxing)
 .debug_str     0x0004ede1       0xce ./obj/spi.o
                              0x4b57e (size before relaxing)
 .debug_str     0x0004eeaf      0xb50 ./obj/gec.o
                              0x4f38c (size before relaxing)
 .debug_str     0x0004f9ff       0xe8 ./obj/uart.o
                              0x4e61a (size before relaxing)
 .debug_str     0x0004fae7      0x192 ./obj/lcd.o
                              0x4e6ca (size before relaxing)
 .debug_str     0x0004fc79       0x54 ./obj/isr.o
                              0x4ecca (size before relaxing)
 .debug_str     0x0004fccd      0x15d ./obj/printf.o
                              0x4e5db (size before relaxing)
 .debug_str     0x0004fe2a       0x26 ./obj/startup_MKL36Z4.o
                                 0x76 (size before relaxing)

.comment        0x00000000       0x7e
 .comment       0x00000000       0x7e ./obj/emuart.o
                                 0x7f (size before relaxing)
 .comment       0x0000007e       0x7f ./obj/system_MKL36Z4.o
 .comment       0x0000007e       0x7f ./obj/systick.o
 .comment       0x0000007e       0x7f ./obj/main.o
 .comment       0x0000007e       0x7f ./obj/gpio.o
 .comment       0x0000007e       0x7f ./obj/wdog.o
 .comment       0x0000007e       0x7f ./obj/spi.o
 .comment       0x0000007e       0x7f ./obj/gec.o
 .comment       0x0000007e       0x7f ./obj/uart.o
 .comment       0x0000007e       0x7f ./obj/lcd.o
 .comment       0x0000007e       0x7f ./obj/isr.o
 .comment       0x0000007e       0x7f ./obj/printf.o

.debug_frame    0x00000000      0xb1c
 .debug_frame   0x00000000       0xbc ./obj/emuart.o
 .debug_frame   0x000000bc       0x20 ./obj/system_MKL36Z4.o
 .debug_frame   0x000000dc       0x44 ./obj/systick.o
 .debug_frame   0x00000120       0x28 ./obj/main.o
 .debug_frame   0x00000148      0x154 ./obj/gpio.o
 .debug_frame   0x0000029c       0x44 ./obj/wdog.o
 .debug_frame   0x000002e0       0xd4 ./obj/spi.o
 .debug_frame   0x000003b4       0x2c ./obj/gec.o
 .debug_frame   0x000003e0      0x13c ./obj/uart.o
 .debug_frame   0x0000051c      0x214 ./obj/lcd.o
 .debug_frame   0x00000730       0x58 ./obj/isr.o
 .debug_frame   0x00000788       0xe0 ./obj/printf.o
 .debug_frame   0x00000868       0x20 c:/program files (x86)/easily-tools/gcc/bin/../lib/gcc/arm-none-eabi/7.2.1/thumb/v6-m\libgcc.a(_udivsi3.o)
 .debug_frame   0x00000888       0x20 c:/program files (x86)/easily-tools/gcc/bin/../lib/gcc/arm-none-eabi/7.2.1/thumb/v6-m\libgcc.a(_divsi3.o)
 .debug_frame   0x000008a8       0x2c c:/program files (x86)/easily-tools/gcc/bin/../lib/gcc/arm-none-eabi/7.2.1/thumb/v6-m\libgcc.a(_fixunsdfsi.o)
 .debug_frame   0x000008d4       0x2c c:/program files (x86)/easily-tools/gcc/bin/../lib/gcc/arm-none-eabi/7.2.1/thumb/v6-m\libgcc.a(_fixunsdfdi.o)
 .debug_frame   0x00000900       0x3c c:/program files (x86)/easily-tools/gcc/bin/../lib/gcc/arm-none-eabi/7.2.1/thumb/v6-m\libgcc.a(_udivmoddi4.o)
 .debug_frame   0x0000093c       0x38 c:/program files (x86)/easily-tools/gcc/bin/../lib/gcc/arm-none-eabi/7.2.1/thumb/v6-m\libgcc.a(eqdf2.o)
 .debug_frame   0x00000974       0x38 c:/program files (x86)/easily-tools/gcc/bin/../lib/gcc/arm-none-eabi/7.2.1/thumb/v6-m\libgcc.a(gedf2.o)
 .debug_frame   0x000009ac       0x38 c:/program files (x86)/easily-tools/gcc/bin/../lib/gcc/arm-none-eabi/7.2.1/thumb/v6-m\libgcc.a(ledf2.o)
 .debug_frame   0x000009e4       0x3c c:/program files (x86)/easily-tools/gcc/bin/../lib/gcc/arm-none-eabi/7.2.1/thumb/v6-m\libgcc.a(muldf3.o)
 .debug_frame   0x00000a20       0x3c c:/program files (x86)/easily-tools/gcc/bin/../lib/gcc/arm-none-eabi/7.2.1/thumb/v6-m\libgcc.a(subdf3.o)
 .debug_frame   0x00000a5c       0x2c c:/program files (x86)/easily-tools/gcc/bin/../lib/gcc/arm-none-eabi/7.2.1/thumb/v6-m\libgcc.a(fixdfsi.o)
 .debug_frame   0x00000a88       0x28 c:/program files (x86)/easily-tools/gcc/bin/../lib/gcc/arm-none-eabi/7.2.1/thumb/v6-m\libgcc.a(floatunsidf.o)
 .debug_frame   0x00000ab0       0x20 c:/program files (x86)/easily-tools/gcc/bin/../lib/gcc/arm-none-eabi/7.2.1/../../../../arm-none-eabi/lib/thumb/v6-m\libg_nano.a(lib_a-memset.o)
 .debug_frame   0x00000ad0       0x20 c:/program files (x86)/easily-tools/gcc/bin/../lib/gcc/arm-none-eabi/7.2.1/../../../../arm-none-eabi/lib/thumb/v6-m\libg_nano.a(lib_a-strcmp.o)
 .debug_frame   0x00000af0       0x2c c:/program files (x86)/easily-tools/gcc/bin/../lib/gcc/arm-none-eabi/7.2.1/../../../../arm-none-eabi/lib/thumb/v6-m\libg_nano.a(lib_a-strncmp.o)
